============================= test session starts =============================
platform win32 -- Python 3.14.4, pytest-8.4.2, pluggy-1.6.0 -- C:\Users\pavan\AppData\Local\Python\pythoncore-3.14-64\python.exe
cachedir: .pytest_cache
hypothesis profile 'default'
rootdir: C:\Users\pavan\OneDrive\Documents\GitHub\AI-Healthcare-System
configfile: pytest.ini
plugins: anyio-4.13.0, hypothesis-6.152.4, langsmith-0.8.0, asyncio-1.3.0, base-url-2.1.0, cov-5.0.0, playwright-0.7.2, subtests-0.15.0, schemathesis-4.10.2, typeguard-4.5.1
asyncio: mode=Mode.STRICT, debug=False, asyncio_default_fixture_loop_scope=None, asyncio_default_test_loop_scope=function
collecting ... collected 143 items

tests/unit/test_agent.py::test_research_node PASSED                      [  0%]
tests/unit/test_agent.py::test_generation_node PASSED                    [  1%]
tests/unit/test_agent_extended.py::TestCoreAIWrapper::test_invoke_success PASSED [  2%]
tests/unit/test_agent_extended.py::TestCoreAIWrapper::test_invoke_empty_response PASSED [  2%]
tests/unit/test_agent_extended.py::TestCoreAIWrapper::test_invoke_exception PASSED [  3%]
tests/unit/test_agent_extended.py::TestCoreAIWrapper::test_invoke_quota_exceeded PASSED [  4%]
tests/unit/test_agent_extended.py::TestTavilySearch::test_tavily_no_api_key PASSED [  4%]
tests/unit/test_agent_extended.py::TestTavilySearch::test_tavily_success PASSED [  5%]
tests/unit/test_agent_extended.py::TestTavilySearch::test_tavily_api_error PASSED [  6%]
tests/unit/test_agent_extended.py::TestTavilySearch::test_tavily_exception PASSED [  6%]
tests/unit/test_agent_extended.py::TestSupervisorNode::test_supervisor_research_route PASSED [  7%]
tests/unit/test_agent_extended.py::TestSupervisorNode::test_supervisor_analyze_route PASSED [  8%]
tests/unit/test_agent_extended.py::TestSupervisorNode::test_supervisor_respond_route PASSED [  9%]
tests/unit/test_agent_extended.py::TestSupervisorNode::test_supervisor_off_topic_route PASSED [  9%]
tests/unit/test_agent_extended.py::TestOtherNodes::test_guardrail_node PASSED [ 10%]
tests/unit/test_agent_extended.py::TestOtherNodes::test_analyst_node PASSED [ 11%]
tests/unit/test_agent_extended.py::TestOtherNodes::test_profiler_node PASSED [ 11%]
tests/unit/test_auth.py::test_signup_success PASSED                      [ 12%]
tests/unit/test_auth.py::test_signup_duplicate_username PASSED           [ 13%]
tests/unit/test_auth.py::test_signup_weak_password PASSED                [ 13%]
tests/unit/test_auth.py::test_login_success PASSED                       [ 14%]
tests/unit/test_auth.py::test_login_invalid_password PASSED              [ 15%]
tests/unit/test_auth.py::test_protected_route_access PASSED              [ 16%]
tests/unit/test_auth.py::test_protected_route_no_token PASSED            [ 16%]
tests/unit/test_auth_logic.py::test_password_hashing PASSED              [ 17%]
tests/unit/test_auth_logic.py::test_access_token_creation PASSED         [ 18%]
tests/unit/test_auth_logic.py::test_access_token_expiry PASSED           [ 18%]
tests/unit/test_database.py::TestGetDb::test_get_db_yields_session PASSED [ 19%]
tests/unit/test_database.py::TestGetDb::test_get_db_closes_session PASSED [ 20%]
tests/unit/test_database.py::TestGetDb::test_get_db_exception_handling PASSED [ 20%]
tests/unit/test_database.py::TestSetSqlitePragma::test_set_sqlite_pragma PASSED [ 21%]
tests/unit/test_database.py::TestDatabaseUrl::test_database_url_from_env PASSED [ 22%]
tests/unit/test_database.py::TestDatabaseUrl::test_default_sqlite_url PASSED [ 23%]
tests/unit/test_database.py::TestDatabaseEngine::test_engine_exists PASSED [ 23%]
tests/unit/test_database.py::TestDatabaseEngine::test_base_exists PASSED [ 24%]
tests/unit/test_explainability.py::TestGetShapValues::test_shap_values_simple_model PASSED [ 25%]
tests/unit/test_explainability.py::TestGetShapValues::test_shap_values_voting_classifier PASSED [ 25%]
tests/unit/test_explainability.py::TestGetShapValues::test_shap_values_multiclass_structure PASSED [ 26%]
tests/unit/test_explainability.py::TestGetShapValues::test_shap_values_exception_handling PASSED [ 27%]
tests/unit/test_explainability.py::TestGetShapValues::test_shap_values_scalar_expected_value PASSED [ 27%]
tests/unit/test_explainability.py::TestGetShapValues::test_shap_values_array_expected_value PASSED [ 28%]
tests/unit/test_explainability.py::TestGenerateStaticForcePlot::test_static_force_plot_placeholder PASSED [ 29%]
tests/unit/test_explanation.py::test_explain_prediction PASSED           [ 30%]
tests/unit/test_explanation_extended.py::TestGetModel::test_get_model_cached PASSED [ 30%]
tests/unit/test_explanation_extended.py::TestGetModel::test_get_model_no_api_key PASSED [ 31%]
tests/unit/test_explanation_extended.py::TestGetModel::test_get_model_init_failure PASSED [ 32%]
tests/unit/test_explanation_extended.py::TestExplainPredictionEndpoint::test_explain_success PASSED [ 32%]
tests/unit/test_explanation_extended.py::TestExplainPredictionEndpoint::test_explain_model_unavailable PASSED [ 33%]
tests/unit/test_explanation_extended.py::TestExplainPredictionEndpoint::test_explain_parsing_fallback PASSED [ 34%]
tests/unit/test_explanation_extended.py::TestExplainPredictionEndpoint::test_explain_with_injected_model PASSED [ 34%]
tests/unit/test_explanation_extended.py::TestExplainPredictionEndpoint::test_explain_exception_handling PASSED [ 35%]
tests/unit/test_ml.py::test_diabetes_valid_prediction PASSED             [ 36%]
tests/unit/test_ml.py::test_diabetes_extreme_values PASSED               [ 37%]
tests/unit/test_ml.py::test_diabetes_zero_values PASSED                  [ 37%]
tests/unit/test_ml.py::test_heart_valid_prediction PASSED                [ 38%]
tests/unit/test_ml.py::test_heart_missing_data_defaults PASSED           [ 39%]
tests/unit/test_ml.py::test_liver_valid_prediction PASSED                [ 39%]
tests/unit/test_ml_service.py::TestMLServiceDiabetes::test_predict_diabetes_success PASSED [ 40%]
tests/unit/test_ml_service.py::TestMLServiceDiabetes::test_predict_diabetes_female PASSED [ 41%]
tests/unit/test_ml_service.py::TestMLServiceDiabetes::test_predict_diabetes_smoking_mapping PASSED [ 41%]
tests/unit/test_ml_service.py::TestMLServiceDiabetes::test_predict_diabetes_exception PASSED [ 42%]
tests/unit/test_ml_service.py::TestMLServiceHeart::test_predict_heart_success FAILED [ 43%]
tests/unit/test_ml_service.py::TestMLServiceHeart::test_predict_heart_high_bp_threshold FAILED [ 44%]
tests/unit/test_ml_service.py::TestMLServiceHeart::test_predict_heart_exception PASSED [ 44%]
tests/unit/test_ml_service.py::TestMLServiceLiver::test_predict_liver_success PASSED [ 45%]
tests/unit/test_ml_service.py::TestMLServiceLiver::test_predict_liver_female PASSED [ 46%]
tests/unit/test_ml_service.py::TestMLServiceLiver::test_predict_liver_exception PASSED [ 46%]
tests/unit/test_ml_service.py::TestMLServiceSingleton::test_singleton_exists PASSED [ 47%]
tests/unit/test_mlops.py::test_train_model_placeholder PASSED            [ 48%]
tests/unit/test_pdf_service.py::TestPDFReport::test_pdf_report_header PASSED [ 48%]
tests/unit/test_pdf_service.py::TestPDFReport::test_pdf_report_footer PASSED [ 49%]
tests/unit/test_pdf_service.py::TestGenerateMedicalReport::test_generate_report_basic FAILED [ 50%]
tests/unit/test_pdf_service.py::TestGenerateMedicalReport::test_generate_report_high_risk FAILED [ 51%]
tests/unit/test_pdf_service.py::TestGenerateMedicalReport::test_generate_report_with_advice FAILED [ 51%]
tests/unit/test_pdf_service.py::TestGenerateMedicalReport::test_generate_report_empty_data FAILED [ 52%]
tests/unit/test_pdf_service.py::TestGenerateMedicalReport::test_generate_report_complex_data FAILED [ 53%]
tests/unit/test_pdf_service.py::TestGenerateMedicalReport::test_generate_report_special_characters FAILED [ 53%]
tests/unit/test_pdf_service.py::TestGenerateMedicalReport::test_generate_report_empty_advice FAILED [ 54%]
tests/unit/test_prediction_shap.py::TestDiabetesExplanation::test_explain_diabetes_model_unavailable PASSED [ 55%]
tests/unit/test_prediction_shap.py::TestDiabetesExplanation::test_explain_diabetes_success PASSED [ 55%]
tests/unit/test_prediction_shap.py::TestDiabetesExplanation::test_explain_diabetes_shap_failure PASSED [ 56%]
tests/unit/test_prediction_shap.py::TestHeartExplanation::test_explain_heart_model_unavailable FAILED [ 57%]
tests/unit/test_prediction_shap.py::TestHeartExplanation::test_explain_heart_success PASSED [ 58%]
tests/unit/test_prediction_shap.py::TestLiverExplanation::test_explain_liver_model_unavailable PASSED [ 58%]
tests/unit/test_prediction_shap.py::TestLiverExplanation::test_explain_liver_success PASSED [ 59%]
tests/unit/test_rag.py::test_rag_tenant_isolation FAILED                 [ 60%]
tests/unit/test_rag.py::test_rag_deletion FAILED                         [ 60%]
tests/unit/test_strict_auth.py::test_create_access_token_expiry PASSED   [ 61%]
tests/unit/test_strict_auth.py::test_get_current_user_jwt_error PASSED   [ 62%]
tests/unit/test_strict_auth.py::test_get_current_user_no_sub PASSED      [ 62%]
tests/unit/test_strict_auth.py::test_get_current_user_not_found PASSED   [ 63%]
tests/unit/test_strict_auth.py::test_signup_db_integrity_error PASSED    [ 64%]
tests/unit/test_strict_chat.py::test_chat_agent_failure PASSED           [ 65%]
tests/unit/test_strict_chat.py::test_chat_db_save_failure PASSED         [ 65%]
tests/unit/test_strict_chat.py::test_chat_record_validation PASSED       [ 66%]
tests/unit/test_strict_prediction.py::test_predict_diabetes_success PASSED [ 67%]
tests/unit/test_strict_prediction.py::test_predict_diabetes_model_unavailable PASSED [ 67%]
tests/unit/test_strict_prediction.py::test_predict_diabetes_exception PASSED [ 68%]
tests/unit/test_strict_prediction.py::test_predict_heart_success PASSED  [ 69%]
tests/unit/test_strict_prediction.py::test_predict_heart_model_unavailable PASSED [ 69%]
tests/unit/test_strict_prediction.py::test_predict_heart_exception PASSED [ 70%]
tests/unit/test_strict_prediction.py::test_predict_liver_success PASSED  [ 71%]
tests/unit/test_strict_prediction.py::test_predict_liver_unavailable PASSED [ 72%]
tests/unit/test_strict_prediction.py::test_predict_liver_exception PASSED [ 72%]
tests/unit/test_strict_prediction.py::test_model_loading_failure PASSED  [ 73%]
tests/unit/test_strict_rag.py::test_store_load_failure PASSED            [ 74%]
tests/unit/test_strict_rag.py::test_store_save_failure PASSED            [ 74%]
tests/unit/test_strict_rag.py::test_store_search_empty PASSED            [ 75%]
tests/unit/test_strict_rag.py::test_store_search_logic PASSED            [ 76%]
tests/unit/test_strict_rag.py::test_store_search_filter PASSED           [ 76%]
tests/unit/test_strict_rag.py::test_add_checkup_exception PASSED         [ 77%]
tests/unit/test_strict_rag.py::test_add_interaction_exception PASSED     [ 78%]
tests/unit/test_strict_rag.py::test_search_similar_records_exception PASSED [ 79%]
tests/unit/test_strict_report.py::test_analyze_report_valid_file PASSED  [ 79%]
tests/unit/test_strict_report.py::test_analyze_report_invalid_type PASSED [ 80%]
tests/unit/test_strict_report.py::test_analyze_report_exception PASSED   [ 81%]
tests/unit/test_strict_vision.py::test_analyze_report_success FAILED     [ 81%]
tests/unit/test_strict_vision.py::test_analyze_report_api_failure FAILED [ 82%]
tests/unit/test_strict_vision.py::test_analyze_image_malformed_json PASSED [ 83%]
tests/unit/test_strict_vision.py::test_missing_api_key PASSED            [ 83%]
tests/unit/test_training.py::test_train_diabetes PASSED                  [ 84%]
tests/unit/test_training.py::test_train_heart PASSED                     [ 85%]
tests/unit/test_training.py::test_train_liver PASSED                     [ 86%]
tests/unit/test_vision_extended.py::TestGetVisionModel::test_get_vision_model_cached PASSED [ 86%]
tests/unit/test_vision_extended.py::TestGetVisionModel::test_get_vision_model_no_api_key PASSED [ 87%]
tests/unit/test_vision_extended.py::TestGetVisionModel::test_get_vision_model_init_failure PASSED [ 88%]
tests/unit/test_vision_extended.py::TestAnalyzeLabReport::test_analyze_no_api_key PASSED [ 88%]
tests/unit/test_vision_extended.py::TestAnalyzeLabReport::test_analyze_model_unavailable PASSED [ 89%]
tests/unit/test_vision_extended.py::TestAnalyzeLabReport::test_analyze_success PASSED [ 90%]
tests/unit/test_vision_extended.py::TestAnalyzeLabReport::test_analyze_strips_markdown PASSED [ 90%]
tests/unit/test_vision_extended.py::TestAnalyzeLabReport::test_analyze_exception_handling PASSED [ 91%]
tests/unit/test_vision_extended.py::TestAnalyzeLabReport::test_analyze_invalid_json PASSED [ 92%]
tests/integration/test_api.py::test_full_lifecycle PASSED                [ 93%]
tests/integration/test_api_endpoints.py::test_signup PASSED              [ 93%]
tests/integration/test_api_endpoints.py::test_login PASSED               [ 94%]
tests/integration/test_api_endpoints.py::test_get_profile PASSED         [ 95%]
tests/test_api.py::test_read_root PASSED                                 [ 95%]
tests/test_api.py::test_heart_prediction_cdc PASSED                      [ 96%]
tests/test_api.py::test_liver_prediction_extended PASSED                 [ 97%]
tests/test_api.py::test_diabetes_prediction PASSED                       [ 97%]
tests/test_api.py::test_kidney_prediction PASSED                         [ 98%]
tests/test_api.py::test_lung_prediction PASSED                           [ 99%]
tests/test_api.py::test_chat_context PASSED                              [100%]

================================== FAILURES ===================================
________________ TestMLServiceHeart.test_predict_heart_success ________________

self = <test_ml_service.TestMLServiceHeart object at 0x000001F344BCD450>

    def test_predict_heart_success(self):
        """Test successful heart prediction."""
        mock_result = {"prediction": "Heart Disease Detected", "raw": 1}
    
        with patch("backend.ml_service.prediction.predict_heart", return_value=mock_result):
            service = MLService()
            result = service.predict_heart_disease(
                age=60, gender="male", cp=2, trestbps=140, chol=250,
                fbs=1, restecg=0, thalach=150, exang=0, oldpeak=1.5,
                slope=1, ca=0, thal=2
            )
    
>           assert result == "Heart Disease Detected"
E           assert "Error running heart prediction: 12 validation errors for HeartInput\nsex\n  Field required [type=missing, input_value={'age': 60.0, 'gender': 1...ohol': 0, 'gen_hlth': 3}, input_type=dict]\n    For further information visit https://errors.pydantic.dev/2.13/v/missing\ncp\n  Field required [type=missing, input_value={'age': 60.0, 'gender': 1...ohol': 0, 'gen_hlth': 3}, input_type=dict]\n    For further information visit https://errors.pydantic.dev/2.13/v/missing\ntrestbps\n  Field required [type=missing, input_value={'age': 60.0, 'gender': 1...ohol': 0, 'gen_hlth': 3}, input_type=dict]\n    For further information visit https://errors.pydantic.dev/2.13/v/missing\nchol\n  Field required [type=missing, input_value={'age': 60.0, 'gender': 1...ohol': 0, 'gen_hlth': 3}, input_type=dict]\n    For further information visit https://errors.pydantic.dev/2.13/v/missing\nfbs\n  Field required [type=missing, input_value={'age': 60.0, 'gender': 1...ohol': 0, 'gen_hlth': 3}, input_type=dict]\n    For further information visit https://errors.pydantic.dev/2.13/v/missing\nrestecg\n  Field required [type=missing, input_value={'age': 60.0, 'gender': 1...ohol': 0, 'gen_hlth': 3}, input_type=dict]\n    For further information visit https://errors.pydantic.dev/2.13/v/missing\nthalach\n  Field required [type=missing, input_value={'age': 60.0, 'gender': 1...ohol': 0, 'gen_hlth': 3}, input_type=dict]\n    For further information visit https://errors.pydantic.dev/2.13/v/missing\nexang\n  Field required [type=missing, input_value={'age': 60.0, 'gender': 1...ohol': 0, 'gen_hlth': 3}, input_type=dict]\n    For further information visit https://errors.pydantic.dev/2.13/v/missing\noldpeak\n  Field required [type=missing, input_value={'age': 60.0, 'gender': 1...ohol': 0, 'gen_hlth': 3}, input_type=dict]\n    For further information visit https://errors.pydantic.dev/2.13/v/missing\nslope\n  Field required [type=missing, input_value={'age': 60.0, 'gender': 1...ohol': 0, 'gen_hlth': 3}, input_type=dict]\n    For further information visit https://errors.pydantic.dev/2.13/v/missing\nca\n  Field required [type=missing, input_value={'age': 60.0, 'gender': 1...ohol': 0, 'gen_hlth': 3}, input_type=dict]\n    For further information visit https://errors.pydantic.dev/2.13/v/missing\nthal\n  Field required [type=missing, input_value={'age': 60.0, 'gender': 1...ohol': 0, 'gen_hlth': 3}, input_type=dict]\n    For further information visit https://errors.pydantic.dev/2.13/v/missing" == 'Heart Disease Detected'
E             
E             - Heart Disease Detected
E             + Error running heart prediction: 12 validation errors for HeartInput
E             + sex
E             +   Field required [type=missing, input_value={'age': 60.0, 'gender': 1...ohol': 0, 'gen_hlth': 3}, input_type=dict]
E             +     For further information visit https://errors.pydantic.dev/2.13/v/missing
E             + cp
E             +   Field required [type=missing, input_value={'age': 60.0, 'gender': 1...ohol': 0, 'gen_hlth': 3}, input_type=dict]
E             +     For further information visit https://errors.pydantic.dev/2.13/v/missing
E             + trestbps
E             +   Field required [type=missing, input_value={'age': 60.0, 'gender': 1...ohol': 0, 'gen_hlth': 3}, input_type=dict]
E             +     For further information visit https://errors.pydantic.dev/2.13/v/missing
E             + chol
E             +   Field required [type=missing, input_value={'age': 60.0, 'gender': 1...ohol': 0, 'gen_hlth': 3}, input_type=dict]
E             +     For further information visit https://errors.pydantic.dev/2.13/v/missing
E             + fbs
E             +   Field required [type=missing, input_value={'age': 60.0, 'gender': 1...ohol': 0, 'gen_hlth': 3}, input_type=dict]
E             +     For further information visit https://errors.pydantic.dev/2.13/v/missing
E             + restecg
E             +   Field required [type=missing, input_value={'age': 60.0, 'gender': 1...ohol': 0, 'gen_hlth': 3}, input_type=dict]
E             +     For further information visit https://errors.pydantic.dev/2.13/v/missing
E             + thalach
E             +   Field required [type=missing, input_value={'age': 60.0, 'gender': 1...ohol': 0, 'gen_hlth': 3}, input_type=dict]
E             +     For further information visit https://errors.pydantic.dev/2.13/v/missing
E             + exang
E             +   Field required [type=missing, input_value={'age': 60.0, 'gender': 1...ohol': 0, 'gen_hlth': 3}, input_type=dict]
E             +     For further information visit https://errors.pydantic.dev/2.13/v/missing
E             + oldpeak
E             +   Field required [type=missing, input_value={'age': 60.0, 'gender': 1...ohol': 0, 'gen_hlth': 3}, input_type=dict]
E             +     For further information visit https://errors.pydantic.dev/2.13/v/missing
E             + slope
E             +   Field required [type=missing, input_value={'age': 60.0, 'gender': 1...ohol': 0, 'gen_hlth': 3}, input_type=dict]
E             +     For further information visit https://errors.pydantic.dev/2.13/v/missing
E             + ca
E             +   Field required [type=missing, input_value={'age': 60.0, 'gender': 1...ohol': 0, 'gen_hlth': 3}, input_type=dict]
E             +     For further information visit https://errors.pydantic.dev/2.13/v/missing
E             + thal
E             +   Field required [type=missing, input_value={'age': 60.0, 'gender': 1...ohol': 0, 'gen_hlth': 3}, input_type=dict]
E             +     For further information visit https://errors.pydantic.dev/2.13/v/missing

tests\unit\test_ml_service.py:95: AssertionError
---------------------------- Captured stderr call -----------------------------
2026-05-06 10:58:57,659 - ERROR - Legacy Heart Predict Error: 12 validation errors for HeartInput
sex
  Field required [type=missing, input_value={'age': 60.0, 'gender': 1...ohol': 0, 'gen_hlth': 3}, input_type=dict]
    For further information visit https://errors.pydantic.dev/2.13/v/missing
cp
  Field required [type=missing, input_value={'age': 60.0, 'gender': 1...ohol': 0, 'gen_hlth': 3}, input_type=dict]
    For further information visit https://errors.pydantic.dev/2.13/v/missing
trestbps
  Field required [type=missing, input_value={'age': 60.0, 'gender': 1...ohol': 0, 'gen_hlth': 3}, input_type=dict]
    For further information visit https://errors.pydantic.dev/2.13/v/missing
chol
  Field required [type=missing, input_value={'age': 60.0, 'gender': 1...ohol': 0, 'gen_hlth': 3}, input_type=dict]
    For further information visit https://errors.pydantic.dev/2.13/v/missing
fbs
  Field required [type=missing, input_value={'age': 60.0, 'gender': 1...ohol': 0, 'gen_hlth': 3}, input_type=dict]
    For further information visit https://errors.pydantic.dev/2.13/v/missing
restecg
  Field required [type=missing, input_value={'age': 60.0, 'gender': 1...ohol': 0, 'gen_hlth': 3}, input_type=dict]
    For further information visit https://errors.pydantic.dev/2.13/v/missing
thalach
  Field required [type=missing, input_value={'age': 60.0, 'gender': 1...ohol': 0, 'gen_hlth': 3}, input_type=dict]
    For further information visit https://errors.pydantic.dev/2.13/v/missing
exang
  Field required [type=missing, input_value={'age': 60.0, 'gender': 1...ohol': 0, 'gen_hlth': 3}, input_type=dict]
    For further information visit https://errors.pydantic.dev/2.13/v/missing
oldpeak
  Field required [type=missing, input_value={'age': 60.0, 'gender': 1...ohol': 0, 'gen_hlth': 3}, input_type=dict]
    For further information visit https://errors.pydantic.dev/2.13/v/missing
slope
  Field required [type=missing, input_value={'age': 60.0, 'gender': 1...ohol': 0, 'gen_hlth': 3}, input_type=dict]
    For further information visit https://errors.pydantic.dev/2.13/v/missing
ca
  Field required [type=missing, input_value={'age': 60.0, 'gender': 1...ohol': 0, 'gen_hlth': 3}, input_type=dict]
    For further information visit https://errors.pydantic.dev/2.13/v/missing
thal
  Field required [type=missing, input_value={'age': 60.0, 'gender': 1...ohol': 0, 'gen_hlth': 3}, input_type=dict]
    For further information visit https://errors.pydantic.dev/2.13/v/missing
------------------------------ Captured log call ------------------------------
ERROR    backend.ml_service:ml_service.py:67 Legacy Heart Predict Error: 12 validation errors for HeartInput
sex
  Field required [type=missing, input_value={'age': 60.0, 'gender': 1...ohol': 0, 'gen_hlth': 3}, input_type=dict]
    For further information visit https://errors.pydantic.dev/2.13/v/missing
cp
  Field required [type=missing, input_value={'age': 60.0, 'gender': 1...ohol': 0, 'gen_hlth': 3}, input_type=dict]
    For further information visit https://errors.pydantic.dev/2.13/v/missing
trestbps
  Field required [type=missing, input_value={'age': 60.0, 'gender': 1...ohol': 0, 'gen_hlth': 3}, input_type=dict]
    For further information visit https://errors.pydantic.dev/2.13/v/missing
chol
  Field required [type=missing, input_value={'age': 60.0, 'gender': 1...ohol': 0, 'gen_hlth': 3}, input_type=dict]
    For further information visit https://errors.pydantic.dev/2.13/v/missing
fbs
  Field required [type=missing, input_value={'age': 60.0, 'gender': 1...ohol': 0, 'gen_hlth': 3}, input_type=dict]
    For further information visit https://errors.pydantic.dev/2.13/v/missing
restecg
  Field required [type=missing, input_value={'age': 60.0, 'gender': 1...ohol': 0, 'gen_hlth': 3}, input_type=dict]
    For further information visit https://errors.pydantic.dev/2.13/v/missing
thalach
  Field required [type=missing, input_value={'age': 60.0, 'gender': 1...ohol': 0, 'gen_hlth': 3}, input_type=dict]
    For further information visit https://errors.pydantic.dev/2.13/v/missing
exang
  Field required [type=missing, input_value={'age': 60.0, 'gender': 1...ohol': 0, 'gen_hlth': 3}, input_type=dict]
    For further information visit https://errors.pydantic.dev/2.13/v/missing
oldpeak
  Field required [type=missing, input_value={'age': 60.0, 'gender': 1...ohol': 0, 'gen_hlth': 3}, input_type=dict]
    For further information visit https://errors.pydantic.dev/2.13/v/missing
slope
  Field required [type=missing, input_value={'age': 60.0, 'gender': 1...ohol': 0, 'gen_hlth': 3}, input_type=dict]
    For further information visit https://errors.pydantic.dev/2.13/v/missing
ca
  Field required [type=missing, input_value={'age': 60.0, 'gender': 1...ohol': 0, 'gen_hlth': 3}, input_type=dict]
    For further information visit https://errors.pydantic.dev/2.13/v/missing
thal
  Field required [type=missing, input_value={'age': 60.0, 'gender': 1...ohol': 0, 'gen_hlth': 3}, input_type=dict]
    For further information visit https://errors.pydantic.dev/2.13/v/missing
___________ TestMLServiceHeart.test_predict_heart_high_bp_threshold ___________

self = <test_ml_service.TestMLServiceHeart object at 0x000001F344BCD590>

    def test_predict_heart_high_bp_threshold(self):
        """Test high BP threshold detection."""
        mock_result = {"prediction": "Healthy Heart", "raw": 0}
    
        with patch("backend.ml_service.prediction.predict_heart", return_value=mock_result) as mock_pred:
            service = MLService()
    
            # Test with high BP (>130)
            service.predict_heart_disease(
                age=50, gender="male", cp=0, trestbps=135, chol=180,
                fbs=0, restecg=0, thalach=160, exang=0, oldpeak=0,
                slope=0, ca=0, thal=1
            )
    
            # Verify high_bp was set to 1
>           call_args = mock_pred.call_args[0][0]
                        ^^^^^^^^^^^^^^^^^^^^^^
E           TypeError: 'NoneType' object is not subscriptable

tests\unit\test_ml_service.py:112: TypeError
---------------------------- Captured stderr call -----------------------------
2026-05-06 10:58:57,973 - ERROR - Legacy Heart Predict Error: 12 validation errors for HeartInput
sex
  Field required [type=missing, input_value={'age': 50.0, 'gender': 1...ohol': 0, 'gen_hlth': 3}, input_type=dict]
    For further information visit https://errors.pydantic.dev/2.13/v/missing
cp
  Field required [type=missing, input_value={'age': 50.0, 'gender': 1...ohol': 0, 'gen_hlth': 3}, input_type=dict]
    For further information visit https://errors.pydantic.dev/2.13/v/missing
trestbps
  Field required [type=missing, input_value={'age': 50.0, 'gender': 1...ohol': 0, 'gen_hlth': 3}, input_type=dict]
    For further information visit https://errors.pydantic.dev/2.13/v/missing
chol
  Field required [type=missing, input_value={'age': 50.0, 'gender': 1...ohol': 0, 'gen_hlth': 3}, input_type=dict]
    For further information visit https://errors.pydantic.dev/2.13/v/missing
fbs
  Field required [type=missing, input_value={'age': 50.0, 'gender': 1...ohol': 0, 'gen_hlth': 3}, input_type=dict]
    For further information visit https://errors.pydantic.dev/2.13/v/missing
restecg
  Field required [type=missing, input_value={'age': 50.0, 'gender': 1...ohol': 0, 'gen_hlth': 3}, input_type=dict]
    For further information visit https://errors.pydantic.dev/2.13/v/missing
thalach
  Field required [type=missing, input_value={'age': 50.0, 'gender': 1...ohol': 0, 'gen_hlth': 3}, input_type=dict]
    For further information visit https://errors.pydantic.dev/2.13/v/missing
exang
  Field required [type=missing, input_value={'age': 50.0, 'gender': 1...ohol': 0, 'gen_hlth': 3}, input_type=dict]
    For further information visit https://errors.pydantic.dev/2.13/v/missing
oldpeak
  Field required [type=missing, input_value={'age': 50.0, 'gender': 1...ohol': 0, 'gen_hlth': 3}, input_type=dict]
    For further information visit https://errors.pydantic.dev/2.13/v/missing
slope
  Field required [type=missing, input_value={'age': 50.0, 'gender': 1...ohol': 0, 'gen_hlth': 3}, input_type=dict]
    For further information visit https://errors.pydantic.dev/2.13/v/missing
ca
  Field required [type=missing, input_value={'age': 50.0, 'gender': 1...ohol': 0, 'gen_hlth': 3}, input_type=dict]
    For further information visit https://errors.pydantic.dev/2.13/v/missing
thal
  Field required [type=missing, input_value={'age': 50.0, 'gender': 1...ohol': 0, 'gen_hlth': 3}, input_type=dict]
    For further information visit https://errors.pydantic.dev/2.13/v/missing
------------------------------ Captured log call ------------------------------
ERROR    backend.ml_service:ml_service.py:67 Legacy Heart Predict Error: 12 validation errors for HeartInput
sex
  Field required [type=missing, input_value={'age': 50.0, 'gender': 1...ohol': 0, 'gen_hlth': 3}, input_type=dict]
    For further information visit https://errors.pydantic.dev/2.13/v/missing
cp
  Field required [type=missing, input_value={'age': 50.0, 'gender': 1...ohol': 0, 'gen_hlth': 3}, input_type=dict]
    For further information visit https://errors.pydantic.dev/2.13/v/missing
trestbps
  Field required [type=missing, input_value={'age': 50.0, 'gender': 1...ohol': 0, 'gen_hlth': 3}, input_type=dict]
    For further information visit https://errors.pydantic.dev/2.13/v/missing
chol
  Field required [type=missing, input_value={'age': 50.0, 'gender': 1...ohol': 0, 'gen_hlth': 3}, input_type=dict]
    For further information visit https://errors.pydantic.dev/2.13/v/missing
fbs
  Field required [type=missing, input_value={'age': 50.0, 'gender': 1...ohol': 0, 'gen_hlth': 3}, input_type=dict]
    For further information visit https://errors.pydantic.dev/2.13/v/missing
restecg
  Field required [type=missing, input_value={'age': 50.0, 'gender': 1...ohol': 0, 'gen_hlth': 3}, input_type=dict]
    For further information visit https://errors.pydantic.dev/2.13/v/missing
thalach
  Field required [type=missing, input_value={'age': 50.0, 'gender': 1...ohol': 0, 'gen_hlth': 3}, input_type=dict]
    For further information visit https://errors.pydantic.dev/2.13/v/missing
exang
  Field required [type=missing, input_value={'age': 50.0, 'gender': 1...ohol': 0, 'gen_hlth': 3}, input_type=dict]
    For further information visit https://errors.pydantic.dev/2.13/v/missing
oldpeak
  Field required [type=missing, input_value={'age': 50.0, 'gender': 1...ohol': 0, 'gen_hlth': 3}, input_type=dict]
    For further information visit https://errors.pydantic.dev/2.13/v/missing
slope
  Field required [type=missing, input_value={'age': 50.0, 'gender': 1...ohol': 0, 'gen_hlth': 3}, input_type=dict]
    For further information visit https://errors.pydantic.dev/2.13/v/missing
ca
  Field required [type=missing, input_value={'age': 50.0, 'gender': 1...ohol': 0, 'gen_hlth': 3}, input_type=dict]
    For further information visit https://errors.pydantic.dev/2.13/v/missing
thal
  Field required [type=missing, input_value={'age': 50.0, 'gender': 1...ohol': 0, 'gen_hlth': 3}, input_type=dict]
    For further information visit https://errors.pydantic.dev/2.13/v/missing
____________ TestGenerateMedicalReport.test_generate_report_basic _____________

self = <test_pdf_service.TestGenerateMedicalReport object at 0x000001F344BCDD10>

    def test_generate_report_basic(self):
        """Test basic report generation with minimal data."""
>       result = generate_medical_report(
            user_name="Test Patient",
            report_type="Diabetes",
            prediction="Low Risk",
            data={"glucose": 100}
        )

tests\unit\test_pdf_service.py:37: 
_ _ _ _ _ _ _ _ _ _ _ _ _ _ _ _ _ _ _ _ _ _ _ _ _ _ _ _ _ _ _ _ _ _ _ _ _ _ _ _

user_name = 'Test Patient', report_type = 'Diabetes', prediction = 'Low Risk'
data = {'glucose': 100}, advice = []

    def generate_medical_report(user_name: str, report_type: str, prediction: str, data: dict, advice: list = []):
        """
        Generates a professional PDF medical report.
        """
        pdf = PDFReport()
        pdf.add_page()
    
        # Title
        pdf.set_font('Arial', 'B', 16)
        pdf.set_text_color(0, 0, 0)
        pdf.cell(0, 10, f'Medical Analysis Report: {report_type}', 0, 1, 'L')
    
        # Metadata
        pdf.set_font('Arial', '', 10)
        pdf.cell(0, 6, f'Patient Name: {user_name}', 0, 1)
        pdf.cell(0, 6, f'Date: {datetime.datetime.now().strftime("%Y-%m-%d %H:%M")}', 0, 1)
        pdf.cell(0, 6, f'Report ID: AIO-{datetime.datetime.now().strftime("%H%M%S")}', 0, 1)
        pdf.ln(10)
    
        # Result Section
        pdf.set_fill_color(240, 240, 240)
        pdf.rect(10, pdf.get_y(), 190, 20, 'F')
        pdf.set_font('Arial', 'B', 12)
        color = (200, 0, 0) if "High" in prediction else (0, 128, 0)
        pdf.set_text_color(*color)
        pdf.cell(0, 20, f'   Analysis Result: {prediction}', 0, 1, 'L')
        pdf.set_text_color(0)
        pdf.ln(10)
    
        # Clinical Data
        pdf.set_font('Arial', 'B', 12)
        pdf.cell(0, 10, 'Clinical Parameters Analyzed', 0, 1)
        pdf.set_font('Arial', '', 10)
    
        for key, val in data.items():
            # Format key nicely
            key_fmt = key.replace("_", " ").title()
            pdf.cell(90, 8, f'{key_fmt}', 1)
            pdf.cell(90, 8, f'{val}', 1, 1)
    
        pdf.ln(10)
    
        # AI Advice
        if advice:
            pdf.set_font('Arial', 'B', 12)
            pdf.cell(0, 10, 'Wellness Recommendations', 0, 1)
            pdf.set_font('Arial', '', 10)
            for tip in advice:
                pdf.multi_cell(180, 8, f'- {tip}')
    
        # Disclaimer
        pdf.ln(20)
        pdf.set_font('Arial', 'I', 9)
        pdf.set_text_color(100)
        pdf.multi_cell(180, 5, "DISCLAIMER: This report is generated by an automated analysis system for informational purposes only. It is NOT a substitute for a diagnosis by a Registered Medical Practitioner (RMP). Please consult a doctor for official medical advice.")
    
        # Return bytes directly
>       return bytes(pdf.output())
               ^^^^^^^^^^^^^^^^^^^
E       TypeError: string argument without an encoding

backend\pdf_service.py:86: TypeError
---------------------------- Captured stdout call -----------------------------
%PDF-1.3\n3 0 obj\n<</Type /Page\n/Parent 1 0 R\n/Resources 2 0 R\n/Contents 4 0 R>>\nendobj\n4 0 obj\n<</Filter /FlateDecode /Length 643>>\nstream\nx\x9c\x8dT\xcbr\xda0\x14\xdd\xf3\x15g\xd9,\xb8\x95e\xebav\xe4\xd1\x94N\x1e\x04\xbc\xccF\x01A\xd4\x1a;\x95D\x99\xf4\xeb;\xb6!\xb8\xcdc\xba\xf1\xc8\x1a\xdd\xf3\xb8\xe7J\x1c\xdf\x06\x8c\x84\xc2npZ\xe0\xf3\x97\x04\x89 \xc6P\xacpQ4[\x9c3\xca\x05T\x9e\x91V(\x96\xf84\x9e\xe0\xab5e|\\\x18o1\x7f\x0e\xd1nNP|o\n\x181\xc6\xc0H\xf3\x0cI\xbb\x9e]\x0e8\xe9\x14\xbb\x01\xd7\x94\n(\x95\x10\xe3\xd8@HIyz\xf8/1o\xd9TJ\x99\x84byS\xd3\xb0M\xcd\xda"9\xe0\x9f\x16\xc8\x04#\x95\xf5\x8f\xdc\xd4\x11\x06\xe7\xce\xac\xab:\xb8p\xd4\xd2\xdab\xb8|\xb1&\x8f\xd6~\xa2\xd3\xba\xc6i\x01!sR\x1d\xad\xe80\xaf\xed\xd2-L\x89qe\xca\xe7\xe0\x02f\xf6\xa9\xf6q\xd4\xd0<\xd8h\x0f,\xb8\xeb\xc09\x12\xf6\x0ex\x9aP\x92CjMR\xec-Eg\xab\x88\x1b\xb3\xb1#\x146D\xec\xb7\x8e\xa0o!\xa8\x84d\xd6"\x9c\x9bhG\xe0\x8c\xcb!\x13C&\x91\xb0\x91\xd0\x1fW\x8b\x8cd\xe7\xad\xb3\x82\xc9\xf9\x08\xe3\xc9\xed0aB\x0bu,f\x94g\t\xfa_\xbf\xde\x87'9#\xa5!RMBc($\xc9\x1c\xdeb\xf5\xd2a\xfe\xba\t\x8c\x04\xe3\xfb\xb5\xef)\x12Z\x93\xee\xfc\x00\xfdF\x87m\x19G\xb8\xaaw\x98\xb9\xf0\xe3CW"Q\x94wcyV\xba\xaa\x8dlj\xbc\xd9\xd8h}\xe8@\x7f\xdb\xe5\x87au\xd6\x04S\x941p!(\xe1\x18rNR7\xd6\xe6x\x836\xcbSb\xb2\xa5\xbd,\xb7\x8b:\xd8#\x03\xd7)e\xea\x7f\xf1\xb8\x96\x94\xb2>`\xc2\xd8?rS\xe4=\xb5\x94*\x89b\xd7v#\xcdy_V\xaas\xcaY7!\x93\xf9\xd9\xd5xr}1\x1b\xa1xt\x01\xbe\x0b\xdd\x05\xacme\xbd\x89v\x89\x87g\x98\nf\x1b\xebM\xfbo\x0e\x19\x84\xf6RcU{\xb8jU\xfb\x8d\x89\xae\xaeL\x89\xa7\xad\x7f\xaa\x83\r\xa8\xab\xf2\x990i\x01on\x0b\x98\xde\xfc\xbc\xa7N\tR\xbcU\x17\xb6\x0f!\xba\xb8\x8d\xb6\xe50X\x1e.o\xab\t3\xbbv!Zo\x978\\\xc4\xa97\x8b\xe8\x1a\x19\xd6\xe3\xfe\xd3\xeczz\x7fB\x98\x96\xd6\x04\x8bE]5C\xd3\x00\xd5\x8bX\xfb\x16\xb5^\xad\xdc\xc2\x99\x12\x9b=\x84Y\xfer\x0bK\xaf\xba\xab\xff\x9e\xd9fZ\xf7\xd9d\x94Kp\xd1<\x80\xaf\xde\xa2\xfd@\xbe\x9cn\x02\x97i\xef\xf4\xdb\xcf\x12\xee\x06\x7f\x00\xb7\xa0f\x98\nendstream\nendobj\n1 0 obj\n<</Type /Pages\n/Kids [3 0 R ]\n/Count 1\n/MediaBox [0 0 595.28 841.89]\n>>\nendobj\n5 0 obj\n<</Type /Font\n/BaseFont /Helvetica-Bold\n/Subtype /Type1\n/Encoding /WinAnsiEncoding\n>>\nendobj\n6 0 obj\n<</Type /Font\n/BaseFont /Helvetica\n/Subtype /Type1\n/Encoding /WinAnsiEncoding\n>>\nendobj\n7 0 obj\n<</Type /Font\n/BaseFont /Helvetica-Oblique\n/Subtype /Type1\n/Encoding /WinAnsiEncoding\n>>\nendobj\n2 0 obj\n<<\n/ProcSet [/PDF /Text /ImageB /ImageC /ImageI]\n/Font <<\n/F1 5 0 R\n/F2 6 0 R\n/F3 7 0 R\n>>\n/XObject <<\n>>\n>>\nendobj\n8 0 obj\n<<\n/Producer (PyFPDF 1.7.2 http://pyfpdf.googlecode.com/)\n/CreationDate (D:20260506105857)\n>>\nendobj\n9 0 obj\n<<\n/Type /Catalog\n/Pages 1 0 R\n/OpenAction [3 0 R /FitH null]\n/PageLayout /OneColumn\n>>\nendobj\nxref\n0 10\n0000000000 65535 f \n0000000800 00000 n \n0000001188 00000 n \n0000000009 00000 n \n0000000087 00000 n \n0000000887 00000 n \n0000000988 00000 n \n0000001084 00000 n \n0000001312 00000 n \n0000001421 00000 n \ntrailer\n<<\n/Size 10\n/Root 9 0 R\n/Info 8 0 R\n>>\nstartxref\n1524\n%%EOF\n
__________ TestGenerateMedicalReport.test_generate_report_high_risk ___________

self = <test_pdf_service.TestGenerateMedicalReport object at 0x000001F344BCDE50>

    def test_generate_report_high_risk(self):
        """Test report with High Risk prediction (red color)."""
>       result = generate_medical_report(
            user_name="Test Patient",
            report_type="Heart Disease",
            prediction="High Risk",
            data={"bp": 140, "cholesterol": 250}
        )

tests\unit\test_pdf_service.py:48: 
_ _ _ _ _ _ _ _ _ _ _ _ _ _ _ _ _ _ _ _ _ _ _ _ _ _ _ _ _ _ _ _ _ _ _ _ _ _ _ _

user_name = 'Test Patient', report_type = 'Heart Disease'
prediction = 'High Risk', data = {'bp': 140, 'cholesterol': 250}, advice = []

    def generate_medical_report(user_name: str, report_type: str, prediction: str, data: dict, advice: list = []):
        """
        Generates a professional PDF medical report.
        """
        pdf = PDFReport()
        pdf.add_page()
    
        # Title
        pdf.set_font('Arial', 'B', 16)
        pdf.set_text_color(0, 0, 0)
        pdf.cell(0, 10, f'Medical Analysis Report: {report_type}', 0, 1, 'L')
    
        # Metadata
        pdf.set_font('Arial', '', 10)
        pdf.cell(0, 6, f'Patient Name: {user_name}', 0, 1)
        pdf.cell(0, 6, f'Date: {datetime.datetime.now().strftime("%Y-%m-%d %H:%M")}', 0, 1)
        pdf.cell(0, 6, f'Report ID: AIO-{datetime.datetime.now().strftime("%H%M%S")}', 0, 1)
        pdf.ln(10)
    
        # Result Section
        pdf.set_fill_color(240, 240, 240)
        pdf.rect(10, pdf.get_y(), 190, 20, 'F')
        pdf.set_font('Arial', 'B', 12)
        color = (200, 0, 0) if "High" in prediction else (0, 128, 0)
        pdf.set_text_color(*color)
        pdf.cell(0, 20, f'   Analysis Result: {prediction}', 0, 1, 'L')
        pdf.set_text_color(0)
        pdf.ln(10)
    
        # Clinical Data
        pdf.set_font('Arial', 'B', 12)
        pdf.cell(0, 10, 'Clinical Parameters Analyzed', 0, 1)
        pdf.set_font('Arial', '', 10)
    
        for key, val in data.items():
            # Format key nicely
            key_fmt = key.replace("_", " ").title()
            pdf.cell(90, 8, f'{key_fmt}', 1)
            pdf.cell(90, 8, f'{val}', 1, 1)
    
        pdf.ln(10)
    
        # AI Advice
        if advice:
            pdf.set_font('Arial', 'B', 12)
            pdf.cell(0, 10, 'Wellness Recommendations', 0, 1)
            pdf.set_font('Arial', '', 10)
            for tip in advice:
                pdf.multi_cell(180, 8, f'- {tip}')
    
        # Disclaimer
        pdf.ln(20)
        pdf.set_font('Arial', 'I', 9)
        pdf.set_text_color(100)
        pdf.multi_cell(180, 5, "DISCLAIMER: This report is generated by an automated analysis system for informational purposes only. It is NOT a substitute for a diagnosis by a Registered Medical Practitioner (RMP). Please consult a doctor for official medical advice.")
    
        # Return bytes directly
>       return bytes(pdf.output())
               ^^^^^^^^^^^^^^^^^^^
E       TypeError: string argument without an encoding

backend\pdf_service.py:86: TypeError
---------------------------- Captured stdout call -----------------------------
%PDF-1.3\n3 0 obj\n<</Type /Page\n/Parent 1 0 R\n/Resources 2 0 R\n/Contents 4 0 R>>\nendobj\n4 0 obj\n<</Filter /FlateDecode /Length 675>>\nstream\nx\x9c\x8dT\xcbR\xdb0\x14\xdd\xe7+\xce\x12\x16\xb9\x95e\xeb\xe1\xec\x08P\x9aN\x81\x90x\xc9F$JP\xeb\xd8TR\xca\xd0\xaf\xef\xd8N\x88)\x8fa\xa3\xb15\xd2y\xdd\xab\xcb\xf1}\xc0H(<\x0e\xc6\x05\xbe|M\x90\x08b\x0c\xc5\n\xe7E\xb3\xc59\xa3\\@\xe5\x19i\x85b\x89\xa3\x93\t\xbeYS\xc6\xfb\x85\xf1\x16\xf3\xa7\x10\xed\xe6\x18\xc5\xcf\xe6\x02#\xc6\x18\x18i\x9e!i\xbfg\x17\x03N:\xc5\xe3\x80kJ\x05\x94J\x88ql \xa4\xa4<\xdd\xff\x97\x98\xb7l*\xa5LB\xb1\xbc\xb9\xd3\xb0M\xcd\xda"\xd9\xe3\x8f\x0bd\x82\x91\xca\xfaG\xae\xea\x08\x833g\xd6U\x1d\\8him1\\<[\x93\x07k\xbf\xd1i]c\\@\xc8\x9cTG+:\xccK\xbbt\x0bS\xe2\xa42\xe5Sp\x013\xfbP\xfb8j\xac\xfb\x883\x17\xac\tvG\x85\x9b\x8e\x81#a\xef0\xa4\t%9\xa4\xd6$\xc5\xceWt\xb6\x8a\xb82\x1b;BaC\xc4n\xeb\x00\xfa\x16\x82JHf-\xc2\x99\x89v\x04\xce\xb8\x1c21d\x12\t\x1b\t\xfd\xf1m\x91\x91\xec\x0cv~09\x1b\xe1dr=L\x98\xd0\xfd\xcb\x8c\xf2,A\x7f\xf5\xeb]\x05%g\xa44D\xaaIh\x0c\x85$\x99\xc3[\xac\x9ec\xe6/CP:\xdbI\xe9V\xdfS$\xb4&\xdd\xf9\x01\xfai\x87m\xd9\xa4\xed\xd6\xf7\x98\xb9\xf0\xebC["Q\x94w\xcdyZ\xba\xaa-\xdc\xd4x\xb3\xb1\xd1\xfa\xd0\xa1\xfe\xb5\xcb\x0f\xab\xd5y\x13LQ\xc6\xc0\x85\xa0\x84c\xc89I\xddx\x9b\xe3\r\xda,O\x89\xc9\x96v\xfcp\x00\xe7:\xa5L}\x16\x8akI)\xebc%\x19\xeb\x835\xb22\x9d\x91\xe2\x9f\x95\xa5\x18\xa5\xbaK\xe3\xbe.m\x88\xd6\xd7\xe5+}\x9f\xc4\xdc\xeb;\x80r\xc1\xfeK2E\xde\x0b\x92R%Q<\xb6\x85Js\xde\x97\x96JE\x9cw\xdd;\x99\x9f\xfe8\x99\\\x9e\xcfF(\xee]\x80\xef\x1a\xd2\x05\xacme\xbd\x89v\x89\xbb'\x98\nf\x1b\xebM\xfbo\xf6\xfd\x11\xda\xa9\x83U\xed\xe1\xaaU\xed7&\xba\xba2%\x1e\xb6\xfe\xa1\x0e6\xa0\xae\xca'\xc2\xa4\x05\xbc\xba.`z\xbd\xfd\x9e:\x91\x12\xebz1l\xefBtq\x1bm\xcba\xb0\xdcO\x97V\x13fv\xed\x9a\\\xed\x12\xfbI1\xf5f\x11]#\xc3z\xdc\x1e\xcd.\xa7\xb7\xc7\x84i\xd9\xcc\t,\xea\xaai\xe8\x06\xa8^\xc4\xda\xb7\xa8\xf5j\xe5\x16\xce\x94\xd8\xec \xcc\xf2\x8f[Xz\x95\xae~\xf9\x9e\x04\xdb\xc9\xe6:\xa3\\\x82\x8bfB\xbf\x1a\x96\xbb\xb7\xf2|\xbaiH\x99\xf6N\xbf=7q3\xf8\x07aj\x8a\x00\nendstream\nendobj\n1 0 obj\n<</Type /Pages\n/Kids [3 0 R ]\n/Count 1\n/MediaBox [0 0 595.28 841.89]\n>>\nendobj\n5 0 obj\n<</Type /Font\n/BaseFont /Helvetica-Bold\n/Subtype /Type1\n/Encoding /WinAnsiEncoding\n>>\nendobj\n6 0 obj\n<</Type /Font\n/BaseFont /Helvetica\n/Subtype /Type1\n/Encoding /WinAnsiEncoding\n>>\nendobj\n7 0 obj\n<</Type /Font\n/BaseFont /Helvetica-Oblique\n/Subtype /Type1\n/Encoding /WinAnsiEncoding\n>>\nendobj\n2 0 obj\n<<\n/ProcSet [/PDF /Text /ImageB /ImageC /ImageI]\n/Font <<\n/F1 5 0 R\n/F2 6 0 R\n/F3 7 0 R\n>>\n/XObject <<\n>>\n>>\nendobj\n8 0 obj\n<<\n/Producer (PyFPDF 1.7.2 http://pyfpdf.googlecode.com/)\n/CreationDate (D:20260506105858)\n>>\nendobj\n9 0 obj\n<<\n/Type /Catalog\n/Pages 1 0 R\n/OpenAction [3 0 R /FitH null]\n/PageLayout /OneColumn\n>>\nendobj\nxref\n0 10\n0000000000 65535 f \n0000000832 00000 n \n0000001220 00000 n \n0000000009 00000 n \n0000000087 00000 n \n0000000919 00000 n \n0000001020 00000 n \n0000001116 00000 n \n0000001344 00000 n \n0000001453 00000 n \ntrailer\n<<\n/Size 10\n/Root 9 0 R\n/Info 8 0 R\n>>\nstartxref\n1556\n%%EOF\n
_________ TestGenerateMedicalReport.test_generate_report_with_advice __________

self = <test_pdf_service.TestGenerateMedicalReport object at 0x000001F344BA2520>

    def test_generate_report_with_advice(self):
        """Test report generation with advice list."""
>       result = generate_medical_report(
            user_name="Test Patient",
            report_type="Liver",
            prediction="Healthy",
            data={"bilirubin": 1.0},
            advice=["Eat healthy", "Exercise regularly", "Stay hydrated"]
        )

tests\unit\test_pdf_service.py:59: 
_ _ _ _ _ _ _ _ _ _ _ _ _ _ _ _ _ _ _ _ _ _ _ _ _ _ _ _ _ _ _ _ _ _ _ _ _ _ _ _

user_name = 'Test Patient', report_type = 'Liver', prediction = 'Healthy'
data = {'bilirubin': 1.0}
advice = ['Eat healthy', 'Exercise regularly', 'Stay hydrated']

    def generate_medical_report(user_name: str, report_type: str, prediction: str, data: dict, advice: list = []):
        """
        Generates a professional PDF medical report.
        """
        pdf = PDFReport()
        pdf.add_page()
    
        # Title
        pdf.set_font('Arial', 'B', 16)
        pdf.set_text_color(0, 0, 0)
        pdf.cell(0, 10, f'Medical Analysis Report: {report_type}', 0, 1, 'L')
    
        # Metadata
        pdf.set_font('Arial', '', 10)
        pdf.cell(0, 6, f'Patient Name: {user_name}', 0, 1)
        pdf.cell(0, 6, f'Date: {datetime.datetime.now().strftime("%Y-%m-%d %H:%M")}', 0, 1)
        pdf.cell(0, 6, f'Report ID: AIO-{datetime.datetime.now().strftime("%H%M%S")}', 0, 1)
        pdf.ln(10)
    
        # Result Section
        pdf.set_fill_color(240, 240, 240)
        pdf.rect(10, pdf.get_y(), 190, 20, 'F')
        pdf.set_font('Arial', 'B', 12)
        color = (200, 0, 0) if "High" in prediction else (0, 128, 0)
        pdf.set_text_color(*color)
        pdf.cell(0, 20, f'   Analysis Result: {prediction}', 0, 1, 'L')
        pdf.set_text_color(0)
        pdf.ln(10)
    
        # Clinical Data
        pdf.set_font('Arial', 'B', 12)
        pdf.cell(0, 10, 'Clinical Parameters Analyzed', 0, 1)
        pdf.set_font('Arial', '', 10)
    
        for key, val in data.items():
            # Format key nicely
            key_fmt = key.replace("_", " ").title()
            pdf.cell(90, 8, f'{key_fmt}', 1)
            pdf.cell(90, 8, f'{val}', 1, 1)
    
        pdf.ln(10)
    
        # AI Advice
        if advice:
            pdf.set_font('Arial', 'B', 12)
            pdf.cell(0, 10, 'Wellness Recommendations', 0, 1)
            pdf.set_font('Arial', '', 10)
            for tip in advice:
                pdf.multi_cell(180, 8, f'- {tip}')
    
        # Disclaimer
        pdf.ln(20)
        pdf.set_font('Arial', 'I', 9)
        pdf.set_text_color(100)
        pdf.multi_cell(180, 5, "DISCLAIMER: This report is generated by an automated analysis system for informational purposes only. It is NOT a substitute for a diagnosis by a Registered Medical Practitioner (RMP). Please consult a doctor for official medical advice.")
    
        # Return bytes directly
>       return bytes(pdf.output())
               ^^^^^^^^^^^^^^^^^^^
E       TypeError: string argument without an encoding

backend\pdf_service.py:86: TypeError
---------------------------- Captured stdout call -----------------------------
%PDF-1.3\n3 0 obj\n<</Type /Page\n/Parent 1 0 R\n/Resources 2 0 R\n/Contents 4 0 R>>\nendobj\n4 0 obj\n<</Filter /FlateDecode /Length 719>>\nstream\nx\x9c\x95U\xcbr\xdb6\x14\xdd\xeb+\xce2Y\xe8\x16\x0f\x02\x04\xb5\xb3c7U'v\x14\x893\xddd\x03S\x90\x8c\x0eE\xba\x00\x14W\xfd\xfa\x0e\x1f\xb2\xd9\xdaq\xd3\r\x87\xc4\xe0\x9e\xc7}Q\xe0\xd7\x19#\x95\xe3qvY\xe2\xa7\x9f9\xb8"\xc6P\xeep]vGB0*\x14\xf2"#\x93\xa3\xdc\xe2\xdd\xc5\x12\xbf8[\xa7\xfb\xca\x06\x87\xcd)&wx\x8f\xf2\xf7.\x80\x11c\x0c\x8c\x8c\xc8\xc0\xfb\xf7\xf5\xc7\x99 #\xf18\x13\x86\xa4B\x9esb\x02\x07(\xad\xa9\x90\xe7\xef\x1a\x9b\x9e-\x97\x94i\xe4\xac\xe8b:\xb6\x95\xdd;\xf03\xfee\x89L1\xca\xb3\xe9\x95\xdb6\xc1\xe2\xca\xdb}\xd3F\x1f\x9f\xb5\xf4\xb6\x18>>Y\xd3\xcf\xd6\xfe\xc0\xa0u\x8f\xcb\x12J\x17\x94\x0f\xb4j\xc0\xbcq[_\xd9\x1a\x17\x8d\xadO\xd1G\xac\xddC\x1b\xd2\x02\x9f\xfc7\x17F\n|\x19\x90\x058\xfb\x0e\xb2\xe4\xc4\x0bhcH\xab\xd1O\xf2\xaeI\xb8\xb5\x07\xb7@\xe9b\xc2x\xf4\x0c\xfa\x1aB\xceIg=\xc2\x95Mn\x01\xc1\x84\x9e35g\x1a\x9c-\x94y;Ze\xa4\x07c\x83\x0f,\xaf\x16\xb8X~\x9es\xa6\xcc4\x98Q\x91qL\x9fa?VN\x0bF\xb9\x81\x92\x86\x94\xc1\\i\xd2\x05\x82\xc3\xee)\xbd\xe2e\x12\x18)&\xc6\xf70Q\xa4\x8c!3\xf8\x01\xa6Y\x8e\xc7:-\xc6\x06;\xbdiJ\xf1\x9c\x8a\xa1%?\xd4\xbe\xe9\xcb\xb5\xb2\xc1\x1e\\r!\x0e\x98\x7f\xb9\xed\x9b\xb5\x1a\x9c)\x96S\xc6 \x94".0\x17\x82\xb4\xe9\x9cm\xf0\nmVHb\xba\xa7\xbd\xf4\xb5\x0f\xc7;\xdf<s\x08#)\xcb\x7f\x14Q\x18M\x92M!9\xb1\x7f\t~=\xafSA\xd2\x90f}\xf4o\xae\xae\x1b\x17\xbb<V\xed\xe1\xe0\x9a\xadM\xbem\xe2\xff\xed\xd7\x8c\xcb\xae\xb8\x1d\xe4\x1c\xd76\xe1\xfe\x07\xea!\x0bN\x8c\x9f\x83\xfet\xa1\xf2\xd1!\xb8\xfd\xb1\xb6\xa1\xfe\x8fXmH\x0e\xed0\xc7&\xd9\x13\xeeO\xdb`\xd3\x8b\xf2I\x14\x93\xea\x91\xcc5\xca\xc7\x1eQ\x16b\x8a(\nIJ\x0c\x03\xb3\xdc|\xf8t\xb1\xbc\xb9^/P\xde\xfb\x880\xcc\x80\x8f\xd8\xbb\xc6\xf54\xb8;\xc16\xb0\xc7\xd4\x1e\xfao{n\xc9\xd8/8\xec\xda\x00\xdf\xec\xdap\xe8Sjk<\x1c\xc3C\x1b]D\xdb\xd4'\xc2\xb2\x07\xbc\xfd\\\xc2N\xc6\xe9{\xea\xf2\xe2\xec7\x1e\xefb\xf2\xe9\x98\\\xcfa\xb1=/\xb2^\x13\xd6n\xefcr\xc1mq^J\xab`\xab\xe4;\x19.\xe0\xeb\xbb\xf5\xcd\xea\xeb{\xc2\xaav6:Tm\xd3\xcdP\x07\xd4V\xa9\r=j\xbb\xdb\xf9\xca\xdb\x1a\x87\x11\xc2n\xbf\xf9\xca\xd1\x8b\xec\x9a\x7f\xf6E7\xbcc\xa7fTh\x08\xd5\xfd\x0c^\xec\xe5\xb1\xa8O\xb7\xbb\xf6\xd7rr\xfb\xf5\x15\x8d/\xb3\xbf\x01\xf46\xab6\nendstream\nendobj\n1 0 obj\n<</Type /Pages\n/Kids [3 0 R ]\n/Count 1\n/MediaBox [0 0 595.28 841.89]\n>>\nendobj\n5 0 obj\n<</Type /Font\n/BaseFont /Helvetica-Bold\n/Subtype /Type1\n/Encoding /WinAnsiEncoding\n>>\nendobj\n6 0 obj\n<</Type /Font\n/BaseFont /Helvetica\n/Subtype /Type1\n/Encoding /WinAnsiEncoding\n>>\nendobj\n7 0 obj\n<</Type /Font\n/BaseFont /Helvetica-Oblique\n/Subtype /Type1\n/Encoding /WinAnsiEncoding\n>>\nendobj\n2 0 obj\n<<\n/ProcSet [/PDF /Text /ImageB /ImageC /ImageI]\n/Font <<\n/F1 5 0 R\n/F2 6 0 R\n/F3 7 0 R\n>>\n/XObject <<\n>>\n>>\nendobj\n8 0 obj\n<<\n/Producer (PyFPDF 1.7.2 http://pyfpdf.googlecode.com/)\n/CreationDate (D:20260506105858)\n>>\nendobj\n9 0 obj\n<<\n/Type /Catalog\n/Pages 1 0 R\n/OpenAction [3 0 R /FitH null]\n/PageLayout /OneColumn\n>>\nendobj\nxref\n0 10\n0000000000 65535 f \n0000000876 00000 n \n0000001264 00000 n \n0000000009 00000 n \n0000000087 00000 n \n0000000963 00000 n \n0000001064 00000 n \n0000001160 00000 n \n0000001388 00000 n \n0000001497 00000 n \ntrailer\n<<\n/Size 10\n/Root 9 0 R\n/Info 8 0 R\n>>\nstartxref\n1600\n%%EOF\n
__________ TestGenerateMedicalReport.test_generate_report_empty_data __________

self = <test_pdf_service.TestGenerateMedicalReport object at 0x000001F344BA2650>

    def test_generate_report_empty_data(self):
        """Test report with empty data dictionary."""
>       result = generate_medical_report(
            user_name="Patient",
            report_type="General",
            prediction="Normal",
            data={}
        )

tests\unit\test_pdf_service.py:71: 
_ _ _ _ _ _ _ _ _ _ _ _ _ _ _ _ _ _ _ _ _ _ _ _ _ _ _ _ _ _ _ _ _ _ _ _ _ _ _ _

user_name = 'Patient', report_type = 'General', prediction = 'Normal', data = {}
advice = []

    def generate_medical_report(user_name: str, report_type: str, prediction: str, data: dict, advice: list = []):
        """
        Generates a professional PDF medical report.
        """
        pdf = PDFReport()
        pdf.add_page()
    
        # Title
        pdf.set_font('Arial', 'B', 16)
        pdf.set_text_color(0, 0, 0)
        pdf.cell(0, 10, f'Medical Analysis Report: {report_type}', 0, 1, 'L')
    
        # Metadata
        pdf.set_font('Arial', '', 10)
        pdf.cell(0, 6, f'Patient Name: {user_name}', 0, 1)
        pdf.cell(0, 6, f'Date: {datetime.datetime.now().strftime("%Y-%m-%d %H:%M")}', 0, 1)
        pdf.cell(0, 6, f'Report ID: AIO-{datetime.datetime.now().strftime("%H%M%S")}', 0, 1)
        pdf.ln(10)
    
        # Result Section
        pdf.set_fill_color(240, 240, 240)
        pdf.rect(10, pdf.get_y(), 190, 20, 'F')
        pdf.set_font('Arial', 'B', 12)
        color = (200, 0, 0) if "High" in prediction else (0, 128, 0)
        pdf.set_text_color(*color)
        pdf.cell(0, 20, f'   Analysis Result: {prediction}', 0, 1, 'L')
        pdf.set_text_color(0)
        pdf.ln(10)
    
        # Clinical Data
        pdf.set_font('Arial', 'B', 12)
        pdf.cell(0, 10, 'Clinical Parameters Analyzed', 0, 1)
        pdf.set_font('Arial', '', 10)
    
        for key, val in data.items():
            # Format key nicely
            key_fmt = key.replace("_", " ").title()
            pdf.cell(90, 8, f'{key_fmt}', 1)
            pdf.cell(90, 8, f'{val}', 1, 1)
    
        pdf.ln(10)
    
        # AI Advice
        if advice:
            pdf.set_font('Arial', 'B', 12)
            pdf.cell(0, 10, 'Wellness Recommendations', 0, 1)
            pdf.set_font('Arial', '', 10)
            for tip in advice:
                pdf.multi_cell(180, 8, f'- {tip}')
    
        # Disclaimer
        pdf.ln(20)
        pdf.set_font('Arial', 'I', 9)
        pdf.set_text_color(100)
        pdf.multi_cell(180, 5, "DISCLAIMER: This report is generated by an automated analysis system for informational purposes only. It is NOT a substitute for a diagnosis by a Registered Medical Practitioner (RMP). Please consult a doctor for official medical advice.")
    
        # Return bytes directly
>       return bytes(pdf.output())
               ^^^^^^^^^^^^^^^^^^^
E       TypeError: string argument without an encoding

backend\pdf_service.py:86: TypeError
---------------------------- Captured stdout call -----------------------------
%PDF-1.3\n3 0 obj\n<</Type /Page\n/Parent 1 0 R\n/Resources 2 0 R\n/Contents 4 0 R>>\nendobj\n4 0 obj\n<</Filter /FlateDecode /Length 590>>\nstream\nx\x9c}TIs\xda0\x14\xbe\xf3+\xbecr\xe0U\x96-Y\xe6F\x96\xa6t\x1aB\x88\x8f\xb9( \x88:\xc6N%\xd1\x0c\xfd\xf5\x1d\xcb,n\xb3\\<\xd2\x1b\xbdoy\x8b9\xbe\x0f\x18\x89\x1c\xaf\x83\x8b\x12_\xbe&H\x041\x86r\x85\xeb\xb2\rq\xce\xa8\x10\xc8\x8b\x8cT\x8er\x89\xb3\xf1\x04\xdf\x8c\xae\xc2\xf3B;\x83\x87\x9d\x0ffs\x8e\xf2g\x9b\xc0\x881\x06F\x8agH\xe2y~3\xe0\xa4R\xbc\x0e\xb8\xa2T \xcf\x13b\x1c\x1b\x08)\xa9H\x0f\xf7\n\x0f\x91-O)\x93\xc8Y\xd1\xe6\xb4l3\xbd6H\x0e\xf8\x17%2\xc1(\xcf\xfaO\xa6M\x80\xc6\x95\xd5\xeb\xba\xf1\xd6\x9f\xb4D[\x0c7Gk\xf2d\xed\x17:\xadk\\\x94\x10\xb2\xa0\xbc\xa3\x15\x1d\xe6\xadY\xda\x85\xae0\xaeu\xb5\xf3\xd6cn^\x1a\x17F\xb81\xb5q\xba\xda\x93\xe0\xbe\xc3\xe6H\xd8\x07\xd8iBI\x01\xa9\x14I\xb1w\x14\xac\xa9\x03\xa6zcF\xd8\xdfNx\xef%\xe7\t\xc9,&_\xe9`F\xe0\x8c\xcb!\x13C&\x91\xb0\x91P\x9fg\x8b\x8cd\xe7\xaa3\x81\xc9\xd5\x08\xe3\xc9\xdd0aB\xf5\x93\x19\x15Y\x82\xfe\xd7\xad\xf7m\x93\x9cQ\xae REBa($\xc9\x02\xce`u\xac-\x7f\xeb\x9f\x91`|\x7fv=EB)R\x9d\x1f\xa0_b\xbf\xad\xc2\x08\xd3\xc6m\xfa\x15~\xc7\x93Hr*\xbaq\xbc\xacl\x1d[5\xd3NoL0\xcew\x90\x7f\xcc\xf2\xd3.\xc5P\x8a\xe2\x14\xe1\x94\xe6\x12\xe5kdL\x0b\xdeg\xcc\x12\xde\xceS\xec\xc1\xe4\xe1\xf2\xc7xr{=\x1f\xa1|\xb6\x1e\xae+\xab\xf5X\xc7\xe9\x08f\x89\xa7\x1dt\r\xbd\r\xcd&\xde\xf5\xc1\xa5\x8f\x0b\x83U\xe3`\xebUk5\xd8\xa6\xd6\x15^\xb6\xee\xa5\xf1\xc6\xa3\xa9\xab\x1da\x12\x01\xa7w%t\xafC\x1f\xa8K\x0bE\x19\x8b\xea\xfc\xf6\xc9\x07\x1b\xb6\xc1D\x0e\x8d\xe5a1\xa2&\xcc\xcd\xda\xfa`\x9cY\xe20\xe43\xa7\x17\xc1\xb62\x8c\xc3\xe3\xd9\xfcv\xf6xN\x98UF{\x83ES\xb7mi\x81\x9aEh\\DmV+\xbb\xb0\xba\xc2f\x0f\xa1\x97\xbf\xed\xc2\xd0\x7f\x05O\xa1\xfe\x9d\x8av\x1e\xa2l\xae2*$\xb8h\x7f.o\xf6|\xdf\xf4\xe3k\xc1\xf2v\x84O\xaf\xdf_y\xdc\x0f\xfe\x02\x13\xd3B*\nendstream\nendobj\n1 0 obj\n<</Type /Pages\n/Kids [3 0 R ]\n/Count 1\n/MediaBox [0 0 595.28 841.89]\n>>\nendobj\n5 0 obj\n<</Type /Font\n/BaseFont /Helvetica-Bold\n/Subtype /Type1\n/Encoding /WinAnsiEncoding\n>>\nendobj\n6 0 obj\n<</Type /Font\n/BaseFont /Helvetica\n/Subtype /Type1\n/Encoding /WinAnsiEncoding\n>>\nendobj\n7 0 obj\n<</Type /Font\n/BaseFont /Helvetica-Oblique\n/Subtype /Type1\n/Encoding /WinAnsiEncoding\n>>\nendobj\n2 0 obj\n<<\n/ProcSet [/PDF /Text /ImageB /ImageC /ImageI]\n/Font <<\n/F1 5 0 R\n/F2 6 0 R\n/F3 7 0 R\n>>\n/XObject <<\n>>\n>>\nendobj\n8 0 obj\n<<\n/Producer (PyFPDF 1.7.2 http://pyfpdf.googlecode.com/)\n/CreationDate (D:20260506105858)\n>>\nendobj\n9 0 obj\n<<\n/Type /Catalog\n/Pages 1 0 R\n/OpenAction [3 0 R /FitH null]\n/PageLayout /OneColumn\n>>\nendobj\nxref\n0 10\n0000000000 65535 f \n0000000747 00000 n \n0000001135 00000 n \n0000000009 00000 n \n0000000087 00000 n \n0000000834 00000 n \n0000000935 00000 n \n0000001031 00000 n \n0000001259 00000 n \n0000001368 00000 n \ntrailer\n<<\n/Size 10\n/Root 9 0 R\n/Info 8 0 R\n>>\nstartxref\n1471\n%%EOF\n
_________ TestGenerateMedicalReport.test_generate_report_complex_data _________

self = <test_pdf_service.TestGenerateMedicalReport object at 0x000001F344B23BF0>

    def test_generate_report_complex_data(self):
        """Test report with many data fields."""
>       result = generate_medical_report(
            user_name="John Doe",
            report_type="Full Checkup",
            prediction="Needs Attention",
            data={
                "glucose": 120,
                "hba1c": 6.5,
                "cholesterol": 220,
                "blood_pressure": 130,
                "heart_rate": 72,
                "bmi": 28.5
            },
            advice=["Reduce sugar intake", "Monitor regularly"]
        )

tests\unit\test_pdf_service.py:82: 
_ _ _ _ _ _ _ _ _ _ _ _ _ _ _ _ _ _ _ _ _ _ _ _ _ _ _ _ _ _ _ _ _ _ _ _ _ _ _ _

user_name = 'John Doe', report_type = 'Full Checkup'
prediction = 'Needs Attention'
data = {'blood_pressure': 130, 'bmi': 28.5, 'cholesterol': 220, 'glucose': 120, ...}
advice = ['Reduce sugar intake', 'Monitor regularly']

    def generate_medical_report(user_name: str, report_type: str, prediction: str, data: dict, advice: list = []):
        """
        Generates a professional PDF medical report.
        """
        pdf = PDFReport()
        pdf.add_page()
    
        # Title
        pdf.set_font('Arial', 'B', 16)
        pdf.set_text_color(0, 0, 0)
        pdf.cell(0, 10, f'Medical Analysis Report: {report_type}', 0, 1, 'L')
    
        # Metadata
        pdf.set_font('Arial', '', 10)
        pdf.cell(0, 6, f'Patient Name: {user_name}', 0, 1)
        pdf.cell(0, 6, f'Date: {datetime.datetime.now().strftime("%Y-%m-%d %H:%M")}', 0, 1)
        pdf.cell(0, 6, f'Report ID: AIO-{datetime.datetime.now().strftime("%H%M%S")}', 0, 1)
        pdf.ln(10)
    
        # Result Section
        pdf.set_fill_color(240, 240, 240)
        pdf.rect(10, pdf.get_y(), 190, 20, 'F')
        pdf.set_font('Arial', 'B', 12)
        color = (200, 0, 0) if "High" in prediction else (0, 128, 0)
        pdf.set_text_color(*color)
        pdf.cell(0, 20, f'   Analysis Result: {prediction}', 0, 1, 'L')
        pdf.set_text_color(0)
        pdf.ln(10)
    
        # Clinical Data
        pdf.set_font('Arial', 'B', 12)
        pdf.cell(0, 10, 'Clinical Parameters Analyzed', 0, 1)
        pdf.set_font('Arial', '', 10)
    
        for key, val in data.items():
            # Format key nicely
            key_fmt = key.replace("_", " ").title()
            pdf.cell(90, 8, f'{key_fmt}', 1)
            pdf.cell(90, 8, f'{val}', 1, 1)
    
        pdf.ln(10)
    
        # AI Advice
        if advice:
            pdf.set_font('Arial', 'B', 12)
            pdf.cell(0, 10, 'Wellness Recommendations', 0, 1)
            pdf.set_font('Arial', '', 10)
            for tip in advice:
                pdf.multi_cell(180, 8, f'- {tip}')
    
        # Disclaimer
        pdf.ln(20)
        pdf.set_font('Arial', 'I', 9)
        pdf.set_text_color(100)
        pdf.multi_cell(180, 5, "DISCLAIMER: This report is generated by an automated analysis system for informational purposes only. It is NOT a substitute for a diagnosis by a Registered Medical Practitioner (RMP). Please consult a doctor for official medical advice.")
    
        # Return bytes directly
>       return bytes(pdf.output())
               ^^^^^^^^^^^^^^^^^^^
E       TypeError: string argument without an encoding

backend\pdf_service.py:86: TypeError
---------------------------- Captured stdout call -----------------------------
%PDF-1.3\n3 0 obj\n<</Type /Page\n/Parent 1 0 R\n/Resources 2 0 R\n/Contents 4 0 R>>\nendobj\n4 0 obj\n<</Filter /FlateDecode /Length 877>>\nstream\nx\x9c\x95\x96Ms\xdb8\x0c\x86\xef\xf9\x15\xef\xb1=\x18KQ\xe2\x87|\xcbG\x9b\xba\xb3I]\xc73{\xe9\x85\x91hG[Y\xcc\x8a\xd4f\xd2_\xbfC\xc9\x8e\xd5:\xcdh/\x1aIC\xbcx\x00\x90\x009>\x9f1\x12\nOg\x17k\xfc\xf11A"\x881\xac7\xf8\xb0\x8e\xbf8g\x94\x0b\xa8<#\xad\xb0.\xf1\xee|\x81O\xd6\xd4\xe1\xa10\xad\xc5\xdd\xb3\x0fv\xf7\x1e\xeb\xbf\xa3\x01#\xc6\x18\x18i\x9e!\xe9\xdfW\xd7g\x9ct\x8a\xa73\xae)\x15P*!\xc6\xb1\x83\x90\x92\xf2\xf4\xf0]\xe3\xae\xf7\xa6R\xca$\x14\xcb\xa3M\xf4\xb64[\x8b\xe4\xa0\x7f\xb1F&\x18\xa9l\xbc\xe4\xd6\x05\x18\\Uf\xdb8_\xf9#K\x1f\x16\xc3\xf5Kh\xf2\x18\xda?\x18X\xb7\xb8XC\xc8\x9c\xd4\xe0V\x0c\x9a7\xb6\xac\nS\xe3\xbc1\xf5\xb3\xaf<V\xf6\xd1\xb5a\x8e\x8f]]\xe3\xf2\xc1\x16\xdf\xbb\xc7\xbd'|\x1d\x1cp$\xec7\x0e\xd2\x84\x92\x1cRk\x92b\x1fV\xa8l\x13pkvv\x8e\xcf\xee\xa1\xc1\x95\xb3G\xc1\xd7\xacUB2\xeb\xad\xafL\xb0sp\xc6\xe5\x8c\x89\x19\x93H\xd8\\\xe8\xb7\xadEFr\x88m\x08\x05\x8b\xab9\xce\x17_f\t\x13zl\xcc(\xcf\x12\x8c\x9f\xedv_<\xc9\x19)\r\x91j\x12\x1a3!I\xe6h-6/\x19\xe6\xa7\t`$\x18\xdf\xbf\xb7#"\xa15\xe9!\x1e`\x9ch\xdf\xd5a\x8e[kK\x8f\xf3\x10l\x13*\xd7\xbc\x19\x9cH\x14\xe5\xc3\xee\xbc\xac\xab\xa6\xaf\xdc\xd2\xb4fg\x83m\xfd\xa0\xfd\xc3\x96o\xd6k\x88P0E\x19\x03\x17\x82\x12\x8e\x19\xe7$u\x8c\xf0\x0e\xaf\xb8\xcd\xf2\x94\x98\xec\xdd^\xd7]\xe1\xfc\xa8\x80\\\xa7\x94\xa9\xa9z\\KJ\xd9X0\xe1l,\x16\xd92\x9d\x91\xe2S\xd9\x14\xa3T\xf7R\x9f\xeeMryB6Q\xed@v\x94\x93$N\xc8$'\x96M%\xcb\x14\xa9d(\xd6\x83\xab\xad\x0f\xb6u\xf5)\xdf4\xcd\x03\xdfQ\x94\xbf\x92\xb94\xa7TM\xe5\xe3\x82\xd8pR.j\xe7J,[\xeb}\xd7\x9e\x16w\xa2\xec\x01\xf1\xa8\x9b\xa4\xa7\x88I\x7f\x98&"2\x1em\xfa\xe2Z\xd3\x06\xacLx\x05o\x9a\xe4\x01\xef\xa8\xa9\xf8\xafti\x9e\x11K&\xd2\xa5*'9\x9c\xc6\x8b]u\x825Qk\x8f5\x12\xe3z\xbc\xf3\xde\xe88c\x16.\x88\xf3\xde\xfc/[\xd7\x8d\xf5\xb1\xc3\x14n\xb7\xb3Mibc\xf1\xff\xb7\x8b\xa7\x8cE\xb0(9\xc3\xca\x96]a\xe1\xbb\xadiQ5\xc1|\x7f\xbb\x89s\xa5\x0emx\x86\x1b\xd7T\xc1\xb5h\xed\xb6\xabM[?\xff\x82\x92"\x1f\xf5'J\x95\xc4\xfa\xa9WMs\xfe\x93*\xe3\xa4\x87\xdd\x7f\xb5\xb8\xbb\xfc\xf3|q\xf3a5\xc7\xfa\xa1\xf2h\x87n_ylmc[\x13l\x89\xfbg\x98\x06\xa6\x0bn\xd7\x7f\x9bC\xf3\xf5\xfd4\xc7\xc6\xc5`6\xae\xdd\xf5)25\x1e\xbb\xf6\xd1y\xeb\xe1\x9a\xfa\x99\xb0\xe8\x05o\xbf\xacaF\x83\xe37tI\x1c{YO\xe7\xbb{\x1f\xaa\xd0\x05\xdb\xfb0(\x0fS\xbbg\xc2\xcan\xab\xd8\x0fl\x89\xc3\x04^\xb6\xa6\x08U\xc4\xb0-\xbe\xbd[\xdd,\xbf\xbd',kk\xbcE\xe1\x9a8-\xa2\x90+b*\xa3\xaa\xdbl\xaa\xa225v{\tS\xfe[\x15\x96N\xb2\xab\x7f\xaes\x1cS\xfb\xad\x97Q.\xc1E\xbc\xf9\x9c\\B\xf6\x85}Y\x1d[\xbcLG\xab_\xbf\x8f\xe0\xeb\xd9\x7f\xb0\xd8M\xf3\nendstream\nendobj\n1 0 obj\n<</Type /Pages\n/Kids [3 0 R ]\n/Count 1\n/MediaBox [0 0 595.28 841.89]\n>>\nendobj\n5 0 obj\n<</Type /Font\n/BaseFont /Helvetica-Bold\n/Subtype /Type1\n/Encoding /WinAnsiEncoding\n>>\nendobj\n6 0 obj\n<</Type /Font\n/BaseFont /Helvetica\n/Subtype /Type1\n/Encoding /WinAnsiEncoding\n>>\nendobj\n7 0 obj\n<</Type /Font\n/BaseFont /Helvetica-Oblique\n/Subtype /Type1\n/Encoding /WinAnsiEncoding\n>>\nendobj\n2 0 obj\n<<\n/ProcSet [/PDF /Text /ImageB /ImageC /ImageI]\n/Font <<\n/F1 5 0 R\n/F2 6 0 R\n/F3 7 0 R\n>>\n/XObject <<\n>>\n>>\nendobj\n8 0 obj\n<<\n/Producer (PyFPDF 1.7.2 http://pyfpdf.googlecode.com/)\n/CreationDate (D:20260506105858)\n>>\nendobj\n9 0 obj\n<<\n/Type /Catalog\n/Pages 1 0 R\n/OpenAction [3 0 R /FitH null]\n/PageLayout /OneColumn\n>>\nendobj\nxref\n0 10\n0000000000 65535 f \n0000001034 00000 n \n0000001422 00000 n \n0000000009 00000 n \n0000000087 00000 n \n0000001121 00000 n \n0000001222 00000 n \n0000001318 00000 n \n0000001546 00000 n \n0000001655 00000 n \ntrailer\n<<\n/Size 10\n/Root 9 0 R\n/Info 8 0 R\n>>\nstartxref\n1758\n%%EOF\n
______ TestGenerateMedicalReport.test_generate_report_special_characters ______

self = <test_pdf_service.TestGenerateMedicalReport object at 0x000001F344BEC9E0>

    def test_generate_report_special_characters(self):
        """Test report with special characters in data."""
>       result = generate_medical_report(
            user_name="JosΘ Garcφa",
            report_type="Test",
            prediction="OK",
            data={"test_value": "100mg/dL"}
        )

tests\unit\test_pdf_service.py:101: 
_ _ _ _ _ _ _ _ _ _ _ _ _ _ _ _ _ _ _ _ _ _ _ _ _ _ _ _ _ _ _ _ _ _ _ _ _ _ _ _

user_name = 'JosΘ Garcφa', report_type = 'Test', prediction = 'OK'
data = {'test_value': '100mg/dL'}, advice = []

    def generate_medical_report(user_name: str, report_type: str, prediction: str, data: dict, advice: list = []):
        """
        Generates a professional PDF medical report.
        """
        pdf = PDFReport()
        pdf.add_page()
    
        # Title
        pdf.set_font('Arial', 'B', 16)
        pdf.set_text_color(0, 0, 0)
        pdf.cell(0, 10, f'Medical Analysis Report: {report_type}', 0, 1, 'L')
    
        # Metadata
        pdf.set_font('Arial', '', 10)
        pdf.cell(0, 6, f'Patient Name: {user_name}', 0, 1)
        pdf.cell(0, 6, f'Date: {datetime.datetime.now().strftime("%Y-%m-%d %H:%M")}', 0, 1)
        pdf.cell(0, 6, f'Report ID: AIO-{datetime.datetime.now().strftime("%H%M%S")}', 0, 1)
        pdf.ln(10)
    
        # Result Section
        pdf.set_fill_color(240, 240, 240)
        pdf.rect(10, pdf.get_y(), 190, 20, 'F')
        pdf.set_font('Arial', 'B', 12)
        color = (200, 0, 0) if "High" in prediction else (0, 128, 0)
        pdf.set_text_color(*color)
        pdf.cell(0, 20, f'   Analysis Result: {prediction}', 0, 1, 'L')
        pdf.set_text_color(0)
        pdf.ln(10)
    
        # Clinical Data
        pdf.set_font('Arial', 'B', 12)
        pdf.cell(0, 10, 'Clinical Parameters Analyzed', 0, 1)
        pdf.set_font('Arial', '', 10)
    
        for key, val in data.items():
            # Format key nicely
            key_fmt = key.replace("_", " ").title()
            pdf.cell(90, 8, f'{key_fmt}', 1)
            pdf.cell(90, 8, f'{val}', 1, 1)
    
        pdf.ln(10)
    
        # AI Advice
        if advice:
            pdf.set_font('Arial', 'B', 12)
            pdf.cell(0, 10, 'Wellness Recommendations', 0, 1)
            pdf.set_font('Arial', '', 10)
            for tip in advice:
                pdf.multi_cell(180, 8, f'- {tip}')
    
        # Disclaimer
        pdf.ln(20)
        pdf.set_font('Arial', 'I', 9)
        pdf.set_text_color(100)
        pdf.multi_cell(180, 5, "DISCLAIMER: This report is generated by an automated analysis system for informational purposes only. It is NOT a substitute for a diagnosis by a Registered Medical Practitioner (RMP). Please consult a doctor for official medical advice.")
    
        # Return bytes directly
>       return bytes(pdf.output())
               ^^^^^^^^^^^^^^^^^^^
E       TypeError: string argument without an encoding

backend\pdf_service.py:86: TypeError
---------------------------- Captured stdout call -----------------------------
%PDF-1.3\n3 0 obj\n<</Type /Page\n/Parent 1 0 R\n/Resources 2 0 R\n/Contents 4 0 R>>\nendobj\n4 0 obj\n<</Filter /FlateDecode /Length 650>>\nstream\nx\x9c\x8dT\xb9r\xdb0\x10\xed\xf5\x15\xaf\xb4\x0b\xadA\x908\xa8N>\xe2\xc8\xf1!K\x9cTn`\n\x92\x99\xa1H\x07\x80\xe2q\xfe8E\xfe!CR\xb2\x98\xf8\x984\x1c\x80\x83}\xc7\xee\x038.\x06\x8c\x84\xc2\xd3\xe08\xc3\xd1\xa7\x08\x91 \xc6\x90-q\x965\xbf8g\x94\n\xa84!\xad\x90-p0\x9e\xe0\xb35ex\xc8\x8d\xb3\x98?\xfb`\xd7\x87\xc8\xbe5\x05\x8c\x18c`\xa4y\x82\xa8]\xcf\xce\x07\x9ct\x8c\xa7\x01\xd7\x14\x0b(\x15\x11\xe3XCHIi\xbc\xdb\x97\x98\xb7l*\xa6DB\xb1\xb4\xa9i\xd8\xa6fe\x11\xed\xf0\x8f3$\x82\x91J\xfaG\xae\xeb\x00\x83\xd3\xc2\xac\xaa\xda\x17~\xaf\xa5\xb5\xc5p\xfebM\xee\xad}G\xa7u\x85\xe3\x0cB\xa6\xa4:Z\xd1a^\xd9E\x91\x9b\x12\xe3\xca\x94\xcf\xbe\xf0\x98\xd9\xc7\xda\x85\x112\xeb\xc3\x96\x01\xb7\x1d0G\xc4\xde\x01\x8e#\x8aRH\xadI\x8a\xad\x9dP\xd8*\xe0\xda\xac\xed\x08\x17\xb5\xff\x85s\xe3\xf2\xdff\x8f\xf9\x16\x80\x8aH&-\xc0\xa9\tv\x04\xce\xb8\x1c21d\x12\x11\x1b\t\xfdq\xb5HHv\xb6:\x17\x98\x9c\x8e0\x9e\xdc\x0c#&t\xbf\x98Q\x9aD\xe8\x7f\xddj;7\xc9\x19)\r\x11k\x12\x1aC!I\xa6p\x16\xcb\x97\xe6\xf2\xd7=`$\x18\xdf\xae]O\x91\xd0\x9at\xe7\x07\xe8\xf7\xd8o\xca0\xc2\xcd\x97\x0f\xfd\x88HQ\xdae\xf1\xa4,\xaavNS\xe3\xcc\xda\x06\xeb|\x07\xf7\xd3.>\x9cRgJ0E\t\x03\x17\x82"\x8e!\xe7$ucj\x8e7h\x934&&[\xda&\x04\xf8j\xca\x8d\xdd\x93p\x1dS\xa2\xfe\x17\x92kI1\xebcF\x8c\xadWG\x8b\xcb\x7fd\xc7H{\xaa)V\x12\xd9S\xdb\x958\xe5}y\xb1N)e]F&\xf3\x93\xcb\xf1\xe4\xeal6B\xf6Px\xb8n\xec\x85\xc7\xcaV\xd6\x99`\x17\xb8\x7f\x86\xa9`6\xa1^\xb7{\xb3\x9b\x82oo4\x96\xb5CQ-k\xb76\xa1\xa8+S\xe2q\xe3\x1eko=\xea\xaa|&LZ\xc0\xeb\x9b\x0c\xbd\xf0\xb2\xf7\xd4)A\x8a\xb7\xea\xfc\xe6\xde\x87"l\x82m9\x0c\x16\xbb\x9b\xdbj\xc2\xcc\xae\n\x1f\xac\xb3\x0b\xecn\xe1\xd4\x99<\x14\x8d\x0c\xebpw0\xbb\x9a\xde\x1d\x12\xa6\xa55\xde"\xaf\xab&6\rP\x9d\x87\xda\xb5\xa8\xf5rY\xe4\x85)\xb1\xdeB\x98\xc5\x8f"\xb7\xf4\xaa\xbb\xfa\xef\xd46y\xdd\x0e(\xa1T\x82\x8b\xe6\xf5{\xf5\x10m\x83\xf9r\xba\x99\xba\x8c{\xa7\xdf~\x93p;\xf8\x03\xf0\xd5e\xd0\nendstream\nendobj\n1 0 obj\n<</Type /Pages\n/Kids [3 0 R ]\n/Count 1\n/MediaBox [0 0 595.28 841.89]\n>>\nendobj\n5 0 obj\n<</Type /Font\n/BaseFont /Helvetica-Bold\n/Subtype /Type1\n/Encoding /WinAnsiEncoding\n>>\nendobj\n6 0 obj\n<</Type /Font\n/BaseFont /Helvetica\n/Subtype /Type1\n/Encoding /WinAnsiEncoding\n>>\nendobj\n7 0 obj\n<</Type /Font\n/BaseFont /Helvetica-Oblique\n/Subtype /Type1\n/Encoding /WinAnsiEncoding\n>>\nendobj\n2 0 obj\n<<\n/ProcSet [/PDF /Text /ImageB /ImageC /ImageI]\n/Font <<\n/F1 5 0 R\n/F2 6 0 R\n/F3 7 0 R\n>>\n/XObject <<\n>>\n>>\nendobj\n8 0 obj\n<<\n/Producer (PyFPDF 1.7.2 http://pyfpdf.googlecode.com/)\n/CreationDate (D:20260506105858)\n>>\nendobj\n9 0 obj\n<<\n/Type /Catalog\n/Pages 1 0 R\n/OpenAction [3 0 R /FitH null]\n/PageLayout /OneColumn\n>>\nendobj\nxref\n0 10\n0000000000 65535 f \n0000000807 00000 n \n0000001195 00000 n \n0000000009 00000 n \n0000000087 00000 n \n0000000894 00000 n \n0000000995 00000 n \n0000001091 00000 n \n0000001319 00000 n \n0000001428 00000 n \ntrailer\n<<\n/Size 10\n/Root 9 0 R\n/Info 8 0 R\n>>\nstartxref\n1531\n%%EOF\n
_________ TestGenerateMedicalReport.test_generate_report_empty_advice _________

self = <test_pdf_service.TestGenerateMedicalReport object at 0x000001F344BEC8D0>

    def test_generate_report_empty_advice(self):
        """Test report with explicitly empty advice list."""
>       result = generate_medical_report(
            user_name="Patient",
            report_type="Test",
            prediction="Normal",
            data={"value": 1},
            advice=[]
        )

tests\unit\test_pdf_service.py:111: 
_ _ _ _ _ _ _ _ _ _ _ _ _ _ _ _ _ _ _ _ _ _ _ _ _ _ _ _ _ _ _ _ _ _ _ _ _ _ _ _

user_name = 'Patient', report_type = 'Test', prediction = 'Normal'
data = {'value': 1}, advice = []

    def generate_medical_report(user_name: str, report_type: str, prediction: str, data: dict, advice: list = []):
        """
        Generates a professional PDF medical report.
        """
        pdf = PDFReport()
        pdf.add_page()
    
        # Title
        pdf.set_font('Arial', 'B', 16)
        pdf.set_text_color(0, 0, 0)
        pdf.cell(0, 10, f'Medical Analysis Report: {report_type}', 0, 1, 'L')
    
        # Metadata
        pdf.set_font('Arial', '', 10)
        pdf.cell(0, 6, f'Patient Name: {user_name}', 0, 1)
        pdf.cell(0, 6, f'Date: {datetime.datetime.now().strftime("%Y-%m-%d %H:%M")}', 0, 1)
        pdf.cell(0, 6, f'Report ID: AIO-{datetime.datetime.now().strftime("%H%M%S")}', 0, 1)
        pdf.ln(10)
    
        # Result Section
        pdf.set_fill_color(240, 240, 240)
        pdf.rect(10, pdf.get_y(), 190, 20, 'F')
        pdf.set_font('Arial', 'B', 12)
        color = (200, 0, 0) if "High" in prediction else (0, 128, 0)
        pdf.set_text_color(*color)
        pdf.cell(0, 20, f'   Analysis Result: {prediction}', 0, 1, 'L')
        pdf.set_text_color(0)
        pdf.ln(10)
    
        # Clinical Data
        pdf.set_font('Arial', 'B', 12)
        pdf.cell(0, 10, 'Clinical Parameters Analyzed', 0, 1)
        pdf.set_font('Arial', '', 10)
    
        for key, val in data.items():
            # Format key nicely
            key_fmt = key.replace("_", " ").title()
            pdf.cell(90, 8, f'{key_fmt}', 1)
            pdf.cell(90, 8, f'{val}', 1, 1)
    
        pdf.ln(10)
    
        # AI Advice
        if advice:
            pdf.set_font('Arial', 'B', 12)
            pdf.cell(0, 10, 'Wellness Recommendations', 0, 1)
            pdf.set_font('Arial', '', 10)
            for tip in advice:
                pdf.multi_cell(180, 8, f'- {tip}')
    
        # Disclaimer
        pdf.ln(20)
        pdf.set_font('Arial', 'I', 9)
        pdf.set_text_color(100)
        pdf.multi_cell(180, 5, "DISCLAIMER: This report is generated by an automated analysis system for informational purposes only. It is NOT a substitute for a diagnosis by a Registered Medical Practitioner (RMP). Please consult a doctor for official medical advice.")
    
        # Return bytes directly
>       return bytes(pdf.output())
               ^^^^^^^^^^^^^^^^^^^
E       TypeError: string argument without an encoding

backend\pdf_service.py:86: TypeError
---------------------------- Captured stdout call -----------------------------
%PDF-1.3\n3 0 obj\n<</Type /Page\n/Parent 1 0 R\n/Resources 2 0 R\n/Contents 4 0 R>>\nendobj\n4 0 obj\n<</Filter /FlateDecode /Length 632>>\nstream\nx\x9c\x8dT\xcbr\xda0\x14\xdd\xf3\x15g\x99,\xb8\x95e\xebav\xe4\xd1\x94N\x93\x10\xf0t\x95\x8d\x02\x82\xa8c\xecT\x12\xcd\xd0\xaf\xef\xd8\x86\xe06\x8f\xe9\xc6#yt\xcf\xe3\x9e+q|\x1d0\x12\n\xcf\x83\xb3\x02\x9f>'H\x041\x86b\x85\xcb\xa2\xf9\xc59\xa3\\@\xe5\x19i\x85b\x89\x93\xf1\x04_\xac)\xe3\xe3\xc2x\x8b\xf9.D\xbb9E\xf1\xa3)`\xc4\x18\x03#\xcd3$\xedzv5\xe0\xa4S<\x0f\xb8\xa6T@\xa9\x84\x18\xc7\x06BJ\xca\xd3\xc3\xbe\xc4\xbceS)e\x12\x8a\xe5MM\xc365k\x8b\xe4\x80\x7fV \x13\x8cT\xd6?rSG\x18\\8\xb3\xae\xea\xe0\xc2QKk\x8b\xe1\xea\xc5\x9a<Z\xfb\x89N\xeb\x1ag\x05\x84\xccIu\xb4\xa2\xc3\xbc\xb6K\xb70%\xc6\x95)w\xc1\x05\xcc\xecS\xed\xe3\x08\x85\rq\xcf\x80\xbb\x0e\x98#a\xef\x00\xa7\t%9\xa4\xd6$\xc5\xdeNt\xb6\x8a\xb81\x1b;\xc2~w\xc4{\xabX%$\xb3\xb6\xf8\xc2D;\x02g\\\x0e\x99\x182\x89\x84\x8d\x84\xfe\xb8Zd$;K\x9d\x03L.F\x18On\x87\t\x13\xba_\xcc(\xcf\x12\xf4\xbf~\xbd\xcfLrFJC\xa4\x9a\x84\xc6PH\x929\xbc\xc5\xea\xa5\xb1\xfc\xb5\x7fF\x82\xf1\xfd\xda\xf7\x14\t\xadIw~\x80~\x7f\xc3\xb6\x8c#\xdc\xd4~c\xca\x0f=\x89DQ\xde\xcd\xe2y\xe9\xaa6\xa7\xa9\xf1fc\xa3\xf5\xa1\x83\xfcm\x97\x1f\xa6\xd4\x19\x13LQ\xc6\xc0\x85\xa0\x84c\xc89I\xdd\x18\x9b\xe3\r\xda,O\x89\xc9\x96\xf6\xbb)\xb7\xf6\x88\xcfuJ\x99\xfa_4\xae%\xa5\xac\x0f\x97\xfc#5E\xdeSJ\xa9\x92(\x9e\xdbN\xa49\xefKJuN9\xebfc2?\xff6\x9e\\_\xceF(\x1e]\x80\xef\xe2v\x01k[Yo\xa2]\xe2a\x07S\xc1lc\xbdi\xf7\xe6\xd0\xfd\xd0\xdeb\xacj\x0fW\xad\x9a\x08\xa2\xab+S\xe2i\xeb\x9f\xea`\x03\xea\xaa\xdc\x11&-\xe0\xcdm\x01\xd3\x9b\x9c\xf7\xd4)A\x8a\xb7\xea\xc2\xf6!D\x17\xb7\xd1\xb6\x1c\x06\xcb\xc3mm5af\xd7.D\xeb\xed\x12\x87\x9b7\xf5f\x11]#\xc3z\xdc\x9f\xcc\xae\xa7\xf7\xa7\x84iiM\xb0X\xd4U3.\rP\xbd\x88\xb5oQ\xeb\xd5\xca-\x9c)\xb1\xd9C\x98\xe5/\xb7\xb0\xf4\xaa\xbb\xfa\xefim\xe6t\x9fLF\xb9\x04\x17\xcd\x8b\xf7\xea\xf1\xd9\x0f\xe3\xcb\xe9&n\x99\xf6N\xbf\xfd\x0e\xe1n\xf0\x07\x1fVa\xa1\nendstream\nendobj\n1 0 obj\n<</Type /Pages\n/Kids [3 0 R ]\n/Count 1\n/MediaBox [0 0 595.28 841.89]\n>>\nendobj\n5 0 obj\n<</Type /Font\n/BaseFont /Helvetica-Bold\n/Subtype /Type1\n/Encoding /WinAnsiEncoding\n>>\nendobj\n6 0 obj\n<</Type /Font\n/BaseFont /Helvetica\n/Subtype /Type1\n/Encoding /WinAnsiEncoding\n>>\nendobj\n7 0 obj\n<</Type /Font\n/BaseFont /Helvetica-Oblique\n/Subtype /Type1\n/Encoding /WinAnsiEncoding\n>>\nendobj\n2 0 obj\n<<\n/ProcSet [/PDF /Text /ImageB /ImageC /ImageI]\n/Font <<\n/F1 5 0 R\n/F2 6 0 R\n/F3 7 0 R\n>>\n/XObject <<\n>>\n>>\nendobj\n8 0 obj\n<<\n/Producer (PyFPDF 1.7.2 http://pyfpdf.googlecode.com/)\n/CreationDate (D:20260506105858)\n>>\nendobj\n9 0 obj\n<<\n/Type /Catalog\n/Pages 1 0 R\n/OpenAction [3 0 R /FitH null]\n/PageLayout /OneColumn\n>>\nendobj\nxref\n0 10\n0000000000 65535 f \n0000000789 00000 n \n0000001177 00000 n \n0000000009 00000 n \n0000000087 00000 n \n0000000876 00000 n \n0000000977 00000 n \n0000001073 00000 n \n0000001301 00000 n \n0000001410 00000 n \ntrailer\n<<\n/Size 10\n/Root 9 0 R\n/Info 8 0 R\n>>\nstartxref\n1513\n%%EOF\n
__________ TestHeartExplanation.test_explain_heart_model_unavailable __________

self = <test_prediction_shap.TestHeartExplanation object at 0x000001F344BCEE90>

    def test_explain_heart_model_unavailable(self):
        """Test error when model not available."""
        with patch("backend.prediction.heart_model", None):
            resp = client.post("/predict/explain/heart", json={
                "age": 50, "gender": 1, "high_bp": 0, "high_chol": 200, "bmi": 25.0,
                "smoker": 0, "stroke": 0, "diabetes": 0, "phys_activity": 1,
                "hvy_alcohol": 0, "gen_hlth": 2
            })
>           assert resp.status_code == 503
E           assert 422 == 503
E            +  where 422 = <Response [422 Unprocessable Entity]>.status_code

tests\unit\test_prediction_shap.py:75: AssertionError
---------------------------- Captured stderr call -----------------------------
2026-05-06 10:58:58,071 - INFO - HTTP Request: POST http://testserver/predict/explain/heart "HTTP/1.1 422 Unprocessable Entity"
------------------------------ Captured log call ------------------------------
INFO     httpx:_client.py:1025 HTTP Request: POST http://testserver/predict/explain/heart "HTTP/1.1 422 Unprocessable Entity"
__________________________ test_rag_tenant_isolation __________________________

mock_vector_db = <backend.rag.SimpleVectorStore object at 0x000001F345275BE0>

    def test_rag_tenant_isolation(mock_vector_db):
        user_a = "user_100"
        user_b = "user_200"
    
        # 1. Add Record for A
        rag.add_checkup_to_db(user_a, "rec_1", "TestType", {"val": 1}, "High Risk", "2024-01-01")
    
        # 2. Search as A
        results_a = rag.search_similar_records(user_a, "Risk")
>       assert len(results_a) == 1
E       assert 0 == 1
E        +  where 0 = len([])

tests\unit\test_rag.py:42: AssertionError
---------------------------- Captured stderr call -----------------------------
2026-05-06 10:58:58,114 - WARNING - GOOGLE_API_KEY not found, using zero vector
------------------------------ Captured log call ------------------------------
WARNING  backend.rag:rag.py:131 GOOGLE_API_KEY not found, using zero vector
______________________________ test_rag_deletion ______________________________

mock_vector_db = <backend.rag.SimpleVectorStore object at 0x000001F3452FCCD0>

    def test_rag_deletion(mock_vector_db):
        user_id = "user_del"
        rec_id = "rec_del_1"
    
        rag.add_checkup_to_db(user_id, rec_id, "Diabetes", {}, "Pred", "2024-01-01")
    
        # Confirm Added
>       assert len(rag.search_similar_records(user_id, "Diabetes")) == 1
E       AssertionError: assert 0 == 1
E        +  where 0 = len([])
E        +    where [] = <function search_similar_records at 0x000001F33D862E50>('user_del', 'Diabetes')
E        +      where <function search_similar_records at 0x000001F33D862E50> = rag.search_similar_records

tests\unit\test_rag.py:55: AssertionError
---------------------------- Captured stderr call -----------------------------
2026-05-06 10:58:58,132 - WARNING - GOOGLE_API_KEY not found, using zero vector
------------------------------ Captured log call ------------------------------
WARNING  backend.rag:rag.py:131 GOOGLE_API_KEY not found, using zero vector
_________________________ test_analyze_report_success _________________________

    @pytest.mark.asyncio
    async def test_analyze_report_success():
        # Mock the model object returned by get_vision_model
        mock_model = MagicMock()
        mock_resp = MagicMock()
        mock_resp.text = '{"extracted_data": {"glucose": 100}, "summary": "Healthy"}'
        mock_model.generate_content.return_value = mock_resp
    
        # Ensure get_vision_model returns our mock model
        with patch("backend.vision_service.get_vision_model", return_value=mock_model), \
             patch("backend.vision_service.Image.open"):
    
>           result = analyze_lab_report(b"fake_image_data")
                     ^^^^^^^^^^^^^^^^^^^^^^^^^^^^^^^^^^^^^^

tests\unit\test_strict_vision.py:21: 
_ _ _ _ _ _ _ _ _ _ _ _ _ _ _ _ _ _ _ _ _ _ _ _ _ _ _ _ _ _ _ _ _ _ _ _ _ _ _ _
backend\vision_service.py:102: in analyze_lab_report
    raise he
_ _ _ _ _ _ _ _ _ _ _ _ _ _ _ _ _ _ _ _ _ _ _ _ _ _ _ _ _ _ _ _ _ _ _ _ _ _ _ _

image_bytes = b'fake_image_data'

    def analyze_lab_report(image_bytes: bytes) -> Dict[str, Any]:
        """
        Analyzes a medical lab report image using Google Gemini Vision.
    
        Args:
            image_bytes (bytes): Raw image data (JPEG/PNG).
    
        Returns:
            dict: Structured JSON containing 'extracted_data' (metrics) and 'summary'.
        """
        try:
            if not GOOGLE_API_KEY:
>               raise HTTPException(status_code=503, detail="Vision API Key not configured")
E               fastapi.exceptions.HTTPException: 503: Vision API Key not configured

backend\vision_service.py:58: HTTPException
_______________________ test_analyze_report_api_failure _______________________

    @pytest.mark.asyncio
    async def test_analyze_report_api_failure():
        mock_model = MagicMock()
        # Simulate API Error
        mock_model.generate_content.side_effect = Exception("API Error")
    
        with patch("backend.vision_service.get_vision_model", return_value=mock_model):
    
            # Expect generic success dict with empty data (as per service logic)
>           result = analyze_lab_report(b"data")
                     ^^^^^^^^^^^^^^^^^^^^^^^^^^^

tests\unit\test_strict_vision.py:35: 
_ _ _ _ _ _ _ _ _ _ _ _ _ _ _ _ _ _ _ _ _ _ _ _ _ _ _ _ _ _ _ _ _ _ _ _ _ _ _ _
backend\vision_service.py:102: in analyze_lab_report
    raise he
_ _ _ _ _ _ _ _ _ _ _ _ _ _ _ _ _ _ _ _ _ _ _ _ _ _ _ _ _ _ _ _ _ _ _ _ _ _ _ _

image_bytes = b'data'

    def analyze_lab_report(image_bytes: bytes) -> Dict[str, Any]:
        """
        Analyzes a medical lab report image using Google Gemini Vision.
    
        Args:
            image_bytes (bytes): Raw image data (JPEG/PNG).
    
        Returns:
            dict: Structured JSON containing 'extracted_data' (metrics) and 'summary'.
        """
        try:
            if not GOOGLE_API_KEY:
>               raise HTTPException(status_code=503, detail="Vision API Key not configured")
E               fastapi.exceptions.HTTPException: 503: Vision API Key not configured

backend\vision_service.py:58: HTTPException
============================== warnings summary ===============================
backend\rag.py:16
  C:\Users\pavan\OneDrive\Documents\GitHub\AI-Healthcare-System\backend\rag.py:16: FutureWarning: 
  
  All support for the `google.generativeai` package has ended. It will no longer be receiving 
  updates or bug fixes. Please switch to the `google.genai` package as soon as possible.
  See README for more details:
  
  https://github.com/google-gemini/deprecated-generative-ai-python/blob/main/README.md
  
    import google.generativeai as genai

tests/unit/test_auth.py: 7 warnings
tests/integration/test_api.py: 3 warnings
tests/integration/test_api_endpoints.py: 5 warnings
tests/test_api.py: 6 warnings
  C:\Users\pavan\AppData\Local\Python\pythoncore-3.14-64\Lib\site-packages\fastapi\routing.py:120: FastAPIDeprecationWarning: ORJSONResponse is deprecated, FastAPI now serializes data directly to JSON bytes via Pydantic when a return type or response model is set, which is faster and doesn't need a custom response class. Read more in the FastAPI docs: https://fastapi.tiangolo.com/advanced/custom-response/#orjson-or-response-model and https://fastapi.tiangolo.com/tutorial/response-model/
    response = await f(request)

-- Docs: https://docs.pytest.org/en/stable/how-to/capture-warnings.html
=========================== short test summary info ===========================
FAILED tests/unit/test_ml_service.py::TestMLServiceHeart::test_predict_heart_success - assert "Error running heart prediction: 12 validation errors for HeartInput\nsex\n  Field required [type=missing, input_value={'age': 60.0, 'gender': 1...ohol': 0, 'gen_hlth': 3}, input_type=dict]\n    For further information visit https://errors.pydantic.dev/2.13/v/missing\ncp\n  Field required [type=missing, input_value={'age': 60.0, 'gender': 1...ohol': 0, 'gen_hlth': 3}, input_type=dict]\n    For further information visit https://errors.pydantic.dev/2.13/v/missing\ntrestbps\n  Field required [type=missing, input_value={'age': 60.0, 'gender': 1...ohol': 0, 'gen_hlth': 3}, input_type=dict]\n    For further information visit https://errors.pydantic.dev/2.13/v/missing\nchol\n  Field required [type=missing, input_value={'age': 60.0, 'gender': 1...ohol': 0, 'gen_hlth': 3}, input_type=dict]\n    For further information visit https://errors.pydantic.dev/2.13/v/missing\nfbs\n  Field required [type=missing, input_value={'age': 60.0, 'gender': 1...ohol': 0, 'gen_hlth': 3}, input_type=dict]\n    For further information visit https://errors.pydantic.dev/2.13/v/missing\nrestecg\n  Field required [type=missing, input_value={'age': 60.0, 'gender': 1...ohol': 0, 'gen_hlth': 3}, input_type=dict]\n    For further information visit https://errors.pydantic.dev/2.13/v/missing\nthalach\n  Field required [type=missing, input_value={'age': 60.0, 'gender': 1...ohol': 0, 'gen_hlth': 3}, input_type=dict]\n    For further information visit https://errors.pydantic.dev/2.13/v/missing\nexang\n  Field required [type=missing, input_value={'age': 60.0, 'gender': 1...ohol': 0, 'gen_hlth': 3}, input_type=dict]\n    For further information visit https://errors.pydantic.dev/2.13/v/missing\noldpeak\n  Field required [type=missing, input_value={'age': 60.0, 'gender': 1...ohol': 0, 'gen_hlth': 3}, input_type=dict]\n    For further information visit https://errors.pydantic.dev/2.13/v/missing\nslope\n  Field required [type=missing, input_value={'age': 60.0, 'gender': 1...ohol': 0, 'gen_hlth': 3}, input_type=dict]\n    For further information visit https://errors.pydantic.dev/2.13/v/missing\nca\n  Field required [type=missing, input_value={'age': 60.0, 'gender': 1...ohol': 0, 'gen_hlth': 3}, input_type=dict]\n    For further information visit https://errors.pydantic.dev/2.13/v/missing\nthal\n  Field required [type=missing, input_value={'age': 60.0, 'gender': 1...ohol': 0, 'gen_hlth': 3}, input_type=dict]\n    For further information visit https://errors.pydantic.dev/2.13/v/missing" == 'Heart Disease Detected'
  
  - Heart Disease Detected
  + Error running heart prediction: 12 validation errors for HeartInput
  + sex
  +   Field required [type=missing, input_value={'age': 60.0, 'gender': 1...ohol': 0, 'gen_hlth': 3}, input_type=dict]
  +     For further information visit https://errors.pydantic.dev/2.13/v/missing
  + cp
  +   Field required [type=missing, input_value={'age': 60.0, 'gender': 1...ohol': 0, 'gen_hlth': 3}, input_type=dict]
  +     For further information visit https://errors.pydantic.dev/2.13/v/missing
  + trestbps
  +   Field required [type=missing, input_value={'age': 60.0, 'gender': 1...ohol': 0, 'gen_hlth': 3}, input_type=dict]
  +     For further information visit https://errors.pydantic.dev/2.13/v/missing
  + chol
  +   Field required [type=missing, input_value={'age': 60.0, 'gender': 1...ohol': 0, 'gen_hlth': 3}, input_type=dict]
  +     For further information visit https://errors.pydantic.dev/2.13/v/missing
  + fbs
  +   Field required [type=missing, input_value={'age': 60.0, 'gender': 1...ohol': 0, 'gen_hlth': 3}, input_type=dict]
  +     For further information visit https://errors.pydantic.dev/2.13/v/missing
  + restecg
  +   Field required [type=missing, input_value={'age': 60.0, 'gender': 1...ohol': 0, 'gen_hlth': 3}, input_type=dict]
  +     For further information visit https://errors.pydantic.dev/2.13/v/missing
  + thalach
  +   Field required [type=missing, input_value={'age': 60.0, 'gender': 1...ohol': 0, 'gen_hlth': 3}, input_type=dict]
  +     For further information visit https://errors.pydantic.dev/2.13/v/missing
  + exang
  +   Field required [type=missing, input_value={'age': 60.0, 'gender': 1...ohol': 0, 'gen_hlth': 3}, input_type=dict]
  +     For further information visit https://errors.pydantic.dev/2.13/v/missing
  + oldpeak
  +   Field required [type=missing, input_value={'age': 60.0, 'gender': 1...ohol': 0, 'gen_hlth': 3}, input_type=dict]
  +     For further information visit https://errors.pydantic.dev/2.13/v/missing
  + slope
  +   Field required [type=missing, input_value={'age': 60.0, 'gender': 1...ohol': 0, 'gen_hlth': 3}, input_type=dict]
  +     For further information visit https://errors.pydantic.dev/2.13/v/missing
  + ca
  +   Field required [type=missing, input_value={'age': 60.0, 'gender': 1...ohol': 0, 'gen_hlth': 3}, input_type=dict]
  +     For further information visit https://errors.pydantic.dev/2.13/v/missing
  + thal
  +   Field required [type=missing, input_value={'age': 60.0, 'gender': 1...ohol': 0, 'gen_hlth': 3}, input_type=dict]
  +     For further information visit https://errors.pydantic.dev/2.13/v/missing
FAILED tests/unit/test_ml_service.py::TestMLServiceHeart::test_predict_heart_high_bp_threshold - TypeError: 'NoneType' object is not subscriptable
FAILED tests/unit/test_pdf_service.py::TestGenerateMedicalReport::test_generate_report_basic - TypeError: string argument without an encoding
FAILED tests/unit/test_pdf_service.py::TestGenerateMedicalReport::test_generate_report_high_risk - TypeError: string argument without an encoding
FAILED tests/unit/test_pdf_service.py::TestGenerateMedicalReport::test_generate_report_with_advice - TypeError: string argument without an encoding
FAILED tests/unit/test_pdf_service.py::TestGenerateMedicalReport::test_generate_report_empty_data - TypeError: string argument without an encoding
FAILED tests/unit/test_pdf_service.py::TestGenerateMedicalReport::test_generate_report_complex_data - TypeError: string argument without an encoding
FAILED tests/unit/test_pdf_service.py::TestGenerateMedicalReport::test_generate_report_special_characters - TypeError: string argument without an encoding
FAILED tests/unit/test_pdf_service.py::TestGenerateMedicalReport::test_generate_report_empty_advice - TypeError: string argument without an encoding
FAILED tests/unit/test_prediction_shap.py::TestHeartExplanation::test_explain_heart_model_unavailable - assert 422 == 503
 +  where 422 = <Response [422 Unprocessable Entity]>.status_code
FAILED tests/unit/test_rag.py::test_rag_tenant_isolation - assert 0 == 1
 +  where 0 = len([])
FAILED tests/unit/test_rag.py::test_rag_deletion - AssertionError: assert 0 == 1
 +  where 0 = len([])
 +    where [] = <function search_similar_records at 0x000001F33D862E50>('user_del', 'Diabetes')
 +      where <function search_similar_records at 0x000001F33D862E50> = rag.search_similar_records
FAILED tests/unit/test_strict_vision.py::test_analyze_report_success - fastapi.exceptions.HTTPException: 503: Vision API Key not configured
FAILED tests/unit/test_strict_vision.py::test_analyze_report_api_failure - fastapi.exceptions.HTTPException: 503: Vision API Key not configured
================= 14 failed, 129 passed, 22 warnings in 7.96s =================
